<!doctype html public "-//w3c//dtd html 4.0 transitional//en">
<html><head>
<title>Static Call Graph - [..\OBJ\Template.axf]</title></head>
<body><HR>
<H1>Static Call Graph for image ..\OBJ\Template.axf</H1><HR>
<BR><P>#&#060CALLGRAPH&#062# ARM Linker, 5060422: Last Updated: Wed Mar 02 19:27:30 2022
<BR><P>
<H3>Maximum Stack Usage =        440 bytes + Unknown(Functions without stacksize, Cycles, Untraceable Function Pointers)</H3><H3>
Call chain for Maximum Stack Depth:</H3>
main &rArr; OneNet_DevLink &rArr; ESP8266_GetIPD &rArr; UsartPrintf &rArr; vsnprintf
<P>
<H3>
Functions with no stack information
</H3><UL>
 <LI><a href="#[86]">FRAMEWIN_Callback</a>
 <LI><a href="#[ae]">FRAMEWIN_CreateIndirect</a>
 <LI><a href="#[31c]">FRAMEWIN_CreateUser</a>
 <LI><a href="#[a]">FRAMEWIN_DrawSkinFlex</a>
 <LI><a href="#[322]">FRAMEWIN_GetActive</a>
 <LI><a href="#[316]">FRAMEWIN_SetActive</a>
 <LI><a href="#[18e]">FRAMEWIN_SetFont</a>
 <LI><a href="#[18d]">FRAMEWIN_SetText</a>
 <LI><a href="#[30d]">FRAMEWIN__CalcPositions</a>
 <LI><a href="#[32c]">FRAMEWIN__CalcTitleHeight</a>
 <LI><a href="#[9]">FRAMEWIN__GetBorderSize</a>
 <LI><a href="#[334]">FRAMEWIN__GetTitleLimits</a>
 <LI><a href="#[32e]">FRAMEWIN__UpdateButtons</a>
 <LI><a href="#[32d]">FRAMEWIN__UpdatePositions</a>
 <LI><a href="#[340]">GL_DrawLine</a>
 <LI><a href="#[342]">GL_DrawLine1Ex</a>
 <LI><a href="#[341]">GL_DrawLineEx</a>
 <LI><a href="#[343]">GL_DrawPoint</a>
 <LI><a href="#[348]">GL_FillCircle</a>
 <LI><a href="#[347]">GL_FillPolygon</a>
 <LI><a href="#[34a]">GL_SetDefault</a>
 <LI><a href="#[19b]">GRAPH_AttachData</a>
 <LI><a href="#[198]">GRAPH_AttachScale</a>
 <LI><a href="#[88]">GRAPH_Callback</a>
 <LI><a href="#[af]">GRAPH_CreateIndirect</a>
 <LI><a href="#[363]">GRAPH_CreateUser</a>
 <LI><a href="#[1bd]">GRAPH_DATA_YT_AddValue</a>
 <LI><a href="#[19a]">GRAPH_DATA_YT_Create</a>
 <LI><a href="#[197]">GRAPH_SCALE_Create</a>
 <LI><a href="#[199]">GRAPH_SCALE_SetFactor</a>
 <LI><a href="#[191]">GRAPH_SetBorder</a>
 <LI><a href="#[190]">GRAPH_SetColor</a>
 <LI><a href="#[192]">GRAPH_SetGridDistX</a>
 <LI><a href="#[193]">GRAPH_SetGridDistY</a>
 <LI><a href="#[196]">GRAPH_SetGridVis</a>
 <LI><a href="#[194]">GRAPH_SetLineStyleH</a>
 <LI><a href="#[195]">GRAPH_SetLineStyleV</a>
 <LI><a href="#[365]">GRAPH__AddValue</a>
 <LI><a href="#[368]">GRAPH__InvalidateGraph</a>
 <LI><a href="#[c7]">GUIMONO_DispChar</a>
 <LI><a href="#[c8]">GUIMONO_GetCharDistX</a>
 <LI><a href="#[c9]">GUIMONO_GetFontInfo</a>
 <LI><a href="#[ca]">GUIMONO_IsInFont</a>
 <LI><a href="#[c3]">GUIPROP_DispChar</a>
 <LI><a href="#[c4]">GUIPROP_GetCharDistX</a>
 <LI><a href="#[c5]">GUIPROP_GetFontInfo</a>
 <LI><a href="#[c6]">GUIPROP_IsInFont</a>
 <LI><a href="#[36d]">GUIPROP__FindChar</a>
 <LI><a href="#[370]">GUITASK_CopyContext</a>
 <LI><a href="#[372]">GUITASK_Init</a>
 <LI><a href="#[374]">GUI_ALLOC_AllocInit</a>
 <LI><a href="#[375]">GUI_ALLOC_AllocNoInit</a>
 <LI><a href="#[366]">GUI_ALLOC_AllocZero</a>
 <LI><a href="#[2d7]">GUI_ALLOC_AssignMemory</a>
 <LI><a href="#[35e]">GUI_ALLOC_Free</a>
 <LI><a href="#[393]">GUI_ALLOC_FreeFixedBlock</a>
 <LI><a href="#[31a]">GUI_ALLOC_FreePtr</a>
 <LI><a href="#[2ef]">GUI_ALLOC_GetFixedBlock</a>
 <LI><a href="#[37c]">GUI_ALLOC_GetMaxSize</a>
 <LI><a href="#[37f]">GUI_ALLOC_GetSize</a>
 <LI><a href="#[396]">GUI_ALLOC_Lock</a>
 <LI><a href="#[30b]">GUI_ALLOC_LockH</a>
 <LI><a href="#[37e]">GUI_ALLOC_Realloc</a>
 <LI><a href="#[380]">GUI_ALLOC_RequestSize</a>
 <LI><a href="#[2d8]">GUI_ALLOC_SetAvBlockSize</a>
 <LI><a href="#[397]">GUI_ALLOC_Unlock</a>
 <LI><a href="#[30c]">GUI_ALLOC_UnlockH</a>
 <LI><a href="#[37d]">GUI_ALLOC_h2p</a>
 <LI><a href="#[350]">GUI_ARRAY_AddItem</a>
 <LI><a href="#[364]">GUI_ARRAY_Create</a>
 <LI><a href="#[35f]">GUI_ARRAY_Delete</a>
 <LI><a href="#[35c]">GUI_ARRAY_GetNumItems</a>
 <LI><a href="#[35d]">GUI_ARRAY_GethItem</a>
 <LI><a href="#[381]">GUI_ARRAY__GethItem</a>
 <LI><a href="#[398]">GUI_AddBin</a>
 <LI><a href="#[382]">GUI_AddDecMin</a>
 <LI><a href="#[39a]">GUI_AddDecShift</a>
 <LI><a href="#[39d]">GUI_AddHex</a>
 <LI><a href="#[39f]">GUI_AddSign</a>
 <LI><a href="#[384]">GUI_CURSOR_SetPositionEx</a>
 <LI><a href="#[4b9]">GUI_CalcColorDist</a>
 <LI><a href="#[33e]">GUI_Clear</a>
 <LI><a href="#[35b]">GUI_ClearRect</a>
 <LI><a href="#[1a3]">GUI_CreateDialogBox</a>
 <LI><a href="#[3f5]">GUI_DCACHE_Clear</a>
 <LI><a href="#[390]">GUI_DEVICE_Create</a>
 <LI><a href="#[2f5]">GUI_DEVICE_CreateAndLink</a>
 <LI><a href="#[392]">GUI_DEVICE_Delete</a>
 <LI><a href="#[391]">GUI_DEVICE_Link</a>
 <LI><a href="#[394]">GUI_DEVICE_LinkDevices</a>
 <LI><a href="#[43d]">GUI_DEVICE_Unlink</a>
 <LI><a href="#[3c9]">GUI_DEVICE_UnlinkTaskDevices</a>
 <LI><a href="#[3d1]">GUI_DEVICE__GetpDriver</a>
 <LI><a href="#[1be]">GUI_Delay</a>
 <LI><a href="#[1b8]">GUI_DispBin</a>
 <LI><a href="#[1b9]">GUI_DispBinAt</a>
 <LI><a href="#[1a9]">GUI_DispDec</a>
 <LI><a href="#[1ab]">GUI_DispDecAt</a>
 <LI><a href="#[1ac]">GUI_DispDecMin</a>
 <LI><a href="#[1ad]">GUI_DispDecShift</a>
 <LI><a href="#[1ae]">GUI_DispDecSpace</a>
 <LI><a href="#[1b2]">GUI_DispFloat</a>
 <LI><a href="#[1b3]">GUI_DispFloatFix</a>
 <LI><a href="#[1b4]">GUI_DispFloatMin</a>
 <LI><a href="#[1ba]">GUI_DispHex</a>
 <LI><a href="#[1bb]">GUI_DispHexAt</a>
 <LI><a href="#[1a8]">GUI_DispNextLine</a>
 <LI><a href="#[1af]">GUI_DispSDec</a>
 <LI><a href="#[1b0]">GUI_DispSDecShift</a>
 <LI><a href="#[1b5]">GUI_DispSFloatFix</a>
 <LI><a href="#[1b6]">GUI_DispSFloatMin</a>
 <LI><a href="#[399]">GUI_DispString</a>
 <LI><a href="#[1a7]">GUI_DispStringAt</a>
 <LI><a href="#[329]">GUI_DispStringInRect</a>
 <LI><a href="#[3a5]">GUI_DispStringInRectMax</a>
 <LI><a href="#[3a8]">GUI_DispStringInRectWrap</a>
 <LI><a href="#[9e]">GUI_DrawGradientH</a>
 <LI><a href="#[9f]">GUI_DrawGradientV</a>
 <LI><a href="#[3ad]">GUI_DrawGraphEx</a>
 <LI><a href="#[324]">GUI_DrawHLine</a>
 <LI><a href="#[357]">GUI_DrawLine</a>
 <LI><a href="#[325]">GUI_DrawPixel</a>
 <LI><a href="#[3ae]">GUI_DrawRect</a>
 <LI><a href="#[327]">GUI_DrawVLine</a>
 <LI><a href="#[395]">GUI_Exec</a>
 <LI><a href="#[3af]">GUI_Exec1</a>
 <LI><a href="#[326]">GUI_FillRect</a>
 <LI><a href="#[32a]">GUI_FillRectEx</a>
 <LI><a href="#[3b1]">GUI_GetBitmapPixelIndex</a>
 <LI><a href="#[3b2]">GUI_GetBitmapPixelIndexEx</a>
 <LI><a href="#[3ed]">GUI_GetBitsPerPixelEx</a>
 <LI><a href="#[36f]">GUI_GetBkColor</a>
 <LI><a href="#[3b5]">GUI_GetCharDistX</a>
 <LI><a href="#[3b6]">GUI_GetCharDistXEx</a>
 <LI><a href="#[3b7]">GUI_GetClientRect</a>
 <LI><a href="#[36e]">GUI_GetColor</a>
 <LI><a href="#[385]">GUI_GetCursorLayer</a>
 <LI><a href="#[39e]">GUI_GetFontDistY</a>
 <LI><a href="#[3b9]">GUI_GetFontSizeY</a>
 <LI><a href="#[3bb]">GUI_GetLayerPosEx</a>
 <LI><a href="#[356]">GUI_GetLineStyle</a>
 <LI><a href="#[3bd]">GUI_GetOrg</a>
 <LI><a href="#[3be]">GUI_GetTime</a>
 <LI><a href="#[1bc]">GUI_GetVersionString</a>
 <LI><a href="#[3a0]">GUI_GetYAdjust</a>
 <LI><a href="#[335]">GUI_GetYSizeOfFont</a>
 <LI><a href="#[3ef]">GUI_GetpfColor2IndexEx</a>
 <LI><a href="#[3ee]">GUI_GetpfIndex2ColorEx</a>
 <LI><a href="#[1aa]">GUI_GotoX</a>
 <LI><a href="#[388]">GUI_GotoXY</a>
 <LI><a href="#[10c]">GUI_Init</a>
 <LI><a href="#[31d]">GUI_Lock</a>
 <LI><a href="#[383]">GUI_Long2Len</a>
 <LI><a href="#[3ca]">GUI_MEMDEV_Clear</a>
 <LI><a href="#[3cb]">GUI_MEMDEV_CopyToLCD</a>
 <LI><a href="#[3cc]">GUI_MEMDEV_CopyToLCDAt</a>
 <LI><a href="#[3d0]">GUI_MEMDEV_CreateEx</a>
 <LI><a href="#[3d3]">GUI_MEMDEV_Delete</a>
 <LI><a href="#[3d6]">GUI_MEMDEV_Draw</a>
 <LI><a href="#[3df]">GUI_MEMDEV_GetBitsPerPixel</a>
 <LI><a href="#[3e1]">GUI_MEMDEV_GetDataPtr</a>
 <LI><a href="#[3db]">GUI_MEMDEV_GetYSize</a>
 <LI><a href="#[aa]">GUI_MEMDEV_Paint1Static</a>
 <LI><a href="#[3dd]">GUI_MEMDEV_ReduceYSize</a>
 <LI><a href="#[3cf]">GUI_MEMDEV_Select</a>
 <LI><a href="#[3de]">GUI_MEMDEV_SetOrg</a>
 <LI><a href="#[3e3]">GUI_MEMDEV_Write</a>
 <LI><a href="#[3e7]">GUI_MEMDEV_WriteAt</a>
 <LI><a href="#[3d2]">GUI_MEMDEV__CreateFixed</a>
 <LI><a href="#[a8]">GUI_MEMDEV__WriteToActiveAlpha</a>
 <LI><a href="#[3e8]">GUI_MEMDEV__WriteToActiveAt</a>
 <LI><a href="#[a7]">GUI_MEMDEV__WriteToActiveOpaque</a>
 <LI><a href="#[3f3]">GUI_MULTIBUF_BeginEx</a>
 <LI><a href="#[3f4]">GUI_MULTIBUF_EndEx</a>
 <LI><a href="#[494]">GUI_MergeRect</a>
 <LI><a href="#[478]">GUI_MoveRect</a>
 <LI><a href="#[47e]">GUI_PID_GetState</a>
 <LI><a href="#[47d]">GUI_PID_IsEmpty</a>
 <LI><a href="#[3f6]">GUI_PID_StoreState</a>
 <LI><a href="#[3f8]">GUI_PollKeyMsg</a>
 <LI><a href="#[3fa]">GUI_ReadRectEx</a>
 <LI><a href="#[499]">GUI_RectsIntersect</a>
 <LI><a href="#[3fc]">GUI_RestoreContext</a>
 <LI><a href="#[387]">GUI_SPRITE_SetPosition</a>
 <LI><a href="#[403]">GUI_SaveContext_W</a>
 <LI><a href="#[3d4]">GUI_SelectLCD</a>
 <LI><a href="#[3cd]">GUI_SelectLayer</a>
 <LI><a href="#[34b]">GUI_SetBkColor</a>
 <LI><a href="#[1a6]">GUI_SetColor</a>
 <LI><a href="#[2d9]">GUI_SetDefaultFont</a>
 <LI><a href="#[34e]">GUI_SetDrawMode</a>
 <LI><a href="#[1a5]">GUI_SetFont</a>
 <LI><a href="#[386]">GUI_SetLayerPosEx</a>
 <LI><a href="#[34f]">GUI_SetLineStyle</a>
 <LI><a href="#[3c7]">GUI_SetOrg</a>
 <LI><a href="#[34c]">GUI_SetPenSize</a>
 <LI><a href="#[34d]">GUI_SetTextAlign</a>
 <LI><a href="#[328]">GUI_SetTextMode</a>
 <LI><a href="#[3f7]">GUI_SignalEvent</a>
 <LI><a href="#[407]">GUI_StoreKey</a>
 <LI><a href="#[408]">GUI_TIMER_Create</a>
 <LI><a href="#[40a]">GUI_TIMER_Delete</a>
 <LI><a href="#[92]">GUI_TIMER_Exec</a>
 <LI><a href="#[40c]">GUI_TIMER_GetFlag</a>
 <LI><a href="#[40d]">GUI_TIMER_Restart</a>
 <LI><a href="#[40e]">GUI_TIMER_SetPeriod</a>
 <LI><a href="#[40f]">GUI_TIMER__GetFirstTimer</a>
 <LI><a href="#[410]">GUI_TIMER__GetNextTimerLin</a>
 <LI><a href="#[411]">GUI_TOUCH_CalcCoefficients</a>
 <LI><a href="#[2f8]">GUI_TOUCH_Calibrate</a>
 <LI><a href="#[412]">GUI_TOUCH_CalibratePoint</a>
 <LI><a href="#[123]">GUI_TOUCH_Exec</a>
 <LI><a href="#[416]">GUI_TOUCH_GetLayer</a>
 <LI><a href="#[2f9]">GUI_TOUCH_SetOrientation</a>
 <LI><a href="#[417]">GUI_TOUCH_StoreStateEx</a>
 <LI><a href="#[413]">GUI_TOUCH_TransformPoint</a>
 <LI><a href="#[425]">GUI_UC__GetCharCodeInc</a>
 <LI><a href="#[3a4]">GUI_UC__NumChars2NumBytes</a>
 <LI><a href="#[4be]">GUI_USAGE_AddRect</a>
 <LI><a href="#[3e9]">GUI_USAGE_BM_Create</a>
 <LI><a href="#[3d5]">GUI_USAGE_DecUseCnt</a>
 <LI><a href="#[321]">GUI_Unlock</a>
 <LI><a href="#[3a9]">GUI_WrapGetNumLines</a>
 <LI><a href="#[419]">GUI__AllocAlphaBuffer</a>
 <LI><a href="#[41b]">GUI__AlphaPreserveTrans</a>
 <LI><a href="#[4ba]">GUI__CompactPixelIndices</a>
 <LI><a href="#[41d]">GUI__CompactPixelIndicesEx</a>
 <LI><a href="#[3bf]">GUI__Config</a>
 <LI><a href="#[41e]">GUI__ConvertColor2Index</a>
 <LI><a href="#[3a3]">GUI__DispLine</a>
 <LI><a href="#[3a7]">GUI__DispStringInRect</a>
 <LI><a href="#[445]">GUI__DivideRound32</a>
 <LI><a href="#[421]">GUI__DoAlphaBlending</a>
 <LI><a href="#[323]">GUI__DrawTwinArc2</a>
 <LI><a href="#[422]">GUI__ExpandPixelIndicesEx</a>
 <LI><a href="#[41a]">GUI__GetAlphaBuffer</a>
 <LI><a href="#[3ba]">GUI__GetFontSizeY</a>
 <LI><a href="#[3a2]">GUI__GetLineDistX</a>
 <LI><a href="#[3a1]">GUI__GetLineNumChars</a>
 <LI><a href="#[426]">GUI__GetOverlap</a>
 <LI><a href="#[420]">GUI__HandleEOLine</a>
 <LI><a href="#[48b]">GUI__IntersectRect</a>
 <LI><a href="#[3a6]">GUI__IntersectRects</a>
 <LI><a href="#[427]">GUI__ManageCache</a>
 <LI><a href="#[428]">GUI__ManageCacheEx</a>
 <LI><a href="#[14]">GUI__MixColors</a>
 <LI><a href="#[15]">GUI__MixColorsBulk</a>
 <LI><a href="#[358]">GUI__ReduceRect</a>
 <LI><a href="#[373]">GUI__RegisterExit</a>
 <LI><a href="#[330]">GUI__SetText</a>
 <LI><a href="#[3ab]">GUI__WrapGetNumBytesToNextLine</a>
 <LI><a href="#[3aa]">GUI__WrapGetNumCharsDisp</a>
 <LI><a href="#[42b]">GUI__WrapGetNumCharsToNextLine</a>
 <LI><a href="#[4c1]">GUI__memset16</a>
 <LI><a href="#[4c3]">GUI__sqrt32</a>
 <LI><a href="#[42d]">GUI__strcmp</a>
 <LI><a href="#[429]">GUI__strcmp_hp</a>
 <LI><a href="#[42a]">GUI__strlen</a>
 <LI><a href="#[345]">GUI_cos</a>
 <LI><a href="#[346]">GUI_sin</a>
 <LI><a href="#[16]">LCD_AA_MixColors16</a>
 <LI><a href="#[41c]">LCD_AA_SetOrMask</a>
 <LI><a href="#[439]">LCD_Color2Index</a>
 <LI><a href="#[36b]">LCD_DrawBitmap</a>
 <LI><a href="#[8f]">LCD_DrawHLine</a>
 <LI><a href="#[c2]">LCD_DrawPixel</a>
 <LI><a href="#[8e]">LCD_DrawVLine</a>
 <LI><a href="#[36c]">LCD_FillRect</a>
 <LI><a href="#[42e]">LCD_GetBitsPerPixelEx</a>
 <LI><a href="#[3b3]">LCD_GetBkColorIndex</a>
 <LI><a href="#[3b8]">LCD_GetColorIndex</a>
 <LI><a href="#[430]">LCD_GetNumColors</a>
 <LI><a href="#[431]">LCD_GetNumColorsEx</a>
 <LI><a href="#[432]">LCD_GetNumLayers</a>
 <LI><a href="#[433]">LCD_GetPalette</a>
 <LI><a href="#[434]">LCD_GetPaletteEx</a>
 <LI><a href="#[3bc]">LCD_GetPosEx</a>
 <LI><a href="#[3d9]">LCD_GetVXSizeEx</a>
 <LI><a href="#[424]">LCD_GetVXSizeMax</a>
 <LI><a href="#[3da]">LCD_GetVYSizeEx</a>
 <LI><a href="#[436]">LCD_GetXSize</a>
 <LI><a href="#[3c2]">LCD_GetXSizeDisplay</a>
 <LI><a href="#[3d7]">LCD_GetXSizeEx</a>
 <LI><a href="#[3c4]">LCD_GetXSizeMax</a>
 <LI><a href="#[437]">LCD_GetYSize</a>
 <LI><a href="#[3c3]">LCD_GetYSizeDisplay</a>
 <LI><a href="#[3d8]">LCD_GetYSizeEx</a>
 <LI><a href="#[3c5]">LCD_GetYSizeMax</a>
 <LI><a href="#[8]">LCD_GetpPalConvTableBM</a>
 <LI><a href="#[438]">LCD_GetpPalConvTableUncached</a>
 <LI><a href="#[3b4]">LCD_Index2Color</a>
 <LI><a href="#[be]">LCD_Index2Color_M565</a>
 <LI><a href="#[96]">LCD_Index2Color_M888</a>
 <LI><a href="#[95]">LCD_Index2Color_M8888I</a>
 <LI><a href="#[43a]">LCD_InitColors</a>
 <LI><a href="#[43b]">LCD_InitLUT</a>
 <LI><a href="#[404]">LCD_SelectLCD</a>
 <LI><a href="#[33d]">LCD_SetBkColor</a>
 <LI><a href="#[440]">LCD_SetBkColorIndex</a>
 <LI><a href="#[43e]">LCD_SetClipRectEx</a>
 <LI><a href="#[3e6]">LCD_SetClipRectMax</a>
 <LI><a href="#[405]">LCD_SetColor</a>
 <LI><a href="#[43f]">LCD_SetColorIndex</a>
 <LI><a href="#[3c6]">LCD_SetDisplaySize</a>
 <LI><a href="#[36a]">LCD_SetDrawMode</a>
 <LI><a href="#[43c]">LCD_SetLUTEntryEx</a>
 <LI><a href="#[406]">LCD_SetPosEx</a>
 <LI><a href="#[2f6]">LCD_SetSizeEx</a>
 <LI><a href="#[2f7]">LCD_SetVSizeEx</a>
 <LI><a href="#[3e5]">LCD_UpdateColorIndices</a>
 <LI><a href="#[3f2]">LCD__DrawBitmap_1bpp</a>
 <LI><a href="#[2f0]">LCD__GetBPP</a>
 <LI><a href="#[3e0]">LCD__GetBPPDevice</a>
 <LI><a href="#[441]">SCROLLBAR_AddValue</a>
 <LI><a href="#[99]">SCROLLBAR_Callback</a>
 <LI><a href="#[44d]">SCROLLBAR_CreateAttached</a>
 <LI><a href="#[44e]">SCROLLBAR_CreateEx</a>
 <LI><a href="#[44f]">SCROLLBAR_CreateUser</a>
 <LI><a href="#[44a]">SCROLLBAR_Dec</a>
 <LI><a href="#[13]">SCROLLBAR_DrawSkinFlex</a>
 <LI><a href="#[454]">SCROLLBAR_GetValue</a>
 <LI><a href="#[449]">SCROLLBAR_Inc</a>
 <LI><a href="#[442]">SCROLLBAR_SetValue</a>
 <LI><a href="#[443]">SCROLLBAR__InvalidatePartner</a>
 <LI><a href="#[4b8]">SCROLLBAR__Rect2VRect</a>
 <LI><a href="#[a0]">TEXT_Callback</a>
 <LI><a href="#[b0]">TEXT_CreateIndirect</a>
 <LI><a href="#[457]">TEXT_CreateUser</a>
 <LI><a href="#[19f]">TEXT_SetDec</a>
 <LI><a href="#[19c]">TEXT_SetFont</a>
 <LI><a href="#[19e]">TEXT_SetText</a>
 <LI><a href="#[19d]">TEXT_SetTextAlign</a>
 <LI><a href="#[448]">WIDGET_AndState</a>
 <LI><a href="#[31b]">WIDGET_HandleActive</a>
 <LI><a href="#[314]">WIDGET_OrState</a>
 <LI><a href="#[459]">WIDGET_SetState</a>
 <LI><a href="#[453]">WIDGET__DrawTriangle</a>
 <LI><a href="#[353]">WIDGET__EFFECT_DrawDownRect</a>
 <LI><a href="#[45c]">WIDGET__GetClientRect</a>
 <LI><a href="#[45a]">WIDGET__GetInsideRect</a>
 <LI><a href="#[31f]">WIDGET__Init</a>
 <LI><a href="#[451]">WIDGET__RotateRect90</a>
 <LI><a href="#[45e]">WIDGET__SetScrollState</a>
 <LI><a href="#[3ce]">WM_Activate</a>
 <LI><a href="#[460]">WM_BringToBottom</a>
 <LI><a href="#[30f]">WM_BringToTop</a>
 <LI><a href="#[4c5]">WM_CheckScrollBounds</a>
 <LI><a href="#[446]">WM_CreateTimer</a>
 <LI><a href="#[31e]">WM_CreateWindowAsChild</a>
 <LI><a href="#[3e4]">WM_Deactivate</a>
 <LI><a href="#[1a0]">WM_DefaultProc</a>
 <LI><a href="#[46a]">WM_DeleteTimer</a>
 <LI><a href="#[38d]">WM_DeleteWindow</a>
 <LI><a href="#[320]">WM_DisableMemdev</a>
 <LI><a href="#[3b0]">WM_Exec</a>
 <LI><a href="#[465]">WM_ForEachDesc</a>
 <LI><a href="#[47c]">WM_GetActiveWindow</a>
 <LI><a href="#[352]">WM_GetClientRect</a>
 <LI><a href="#[472]">WM_GetClientRectEx</a>
 <LI><a href="#[38b]">WM_GetClientWindow</a>
 <LI><a href="#[1a2]">WM_GetDesktopWindow</a>
 <LI><a href="#[495]">WM_GetDesktopWindowEx</a>
 <LI><a href="#[18f]">WM_GetDialogItem</a>
 <LI><a href="#[336]">WM_GetFirstChild</a>
 <LI><a href="#[476]">WM_GetFlags</a>
 <LI><a href="#[38f]">WM_GetFocusedWindow</a>
 <LI><a href="#[456]">WM_GetHasTrans</a>
 <LI><a href="#[474]">WM_GetId</a>
 <LI><a href="#[450]">WM_GetInsideRectEx</a>
 <LI><a href="#[355]">WM_GetInsideRectExScrollbar</a>
 <LI><a href="#[337]">WM_GetNextSibling</a>
 <LI><a href="#[359]">WM_GetOrgX</a>
 <LI><a href="#[35a]">WM_GetOrgY</a>
 <LI><a href="#[33c]">WM_GetParent</a>
 <LI><a href="#[455]">WM_GetScrollPartner</a>
 <LI><a href="#[361]">WM_GetScrollbarH</a>
 <LI><a href="#[360]">WM_GetScrollbarV</a>
 <LI><a href="#[479]">WM_GetWindowOrgX</a>
 <LI><a href="#[47a]">WM_GetWindowOrgY</a>
 <LI><a href="#[477]">WM_GetWindowRectEx</a>
 <LI><a href="#[47b]">WM_GetWindowSizeX</a>
 <LI><a href="#[333]">WM_GetWindowSizeY</a>
 <LI><a href="#[91]">WM_HandlePID</a>
 <LI><a href="#[498]">WM_HasCaptured</a>
 <LI><a href="#[313]">WM_HasFocus</a>
 <LI><a href="#[488]">WM_HideWindow</a>
 <LI><a href="#[3c8]">WM_Init</a>
 <LI><a href="#[369]">WM_InvalidateRect</a>
 <LI><a href="#[32f]">WM_InvalidateWindow</a>
 <LI><a href="#[48e]">WM_InvalidateWindowAndDescs</a>
 <LI><a href="#[48f]">WM_InvalidateWindowAndDescsEx</a>
 <LI><a href="#[491]">WM_IsFocusable</a>
 <LI><a href="#[312]">WM_IsWindow</a>
 <LI><a href="#[10d]">WM_MULTIBUF_Enable</a>
 <LI><a href="#[33a]">WM_MoveChildTo</a>
 <LI><a href="#[339]">WM_MoveWindow</a>
 <LI><a href="#[44b]">WM_NotifyParent</a>
 <LI><a href="#[3f9]">WM_OnKey</a>
 <LI><a href="#[486]">WM_PID__SetPrevState</a>
 <LI><a href="#[485]">WM_ReleaseCapture</a>
 <LI><a href="#[338]">WM_ResizeWindow</a>
 <LI><a href="#[44c]">WM_RestartTimer</a>
 <LI><a href="#[480]">WM_Screen2hWin</a>
 <LI><a href="#[466]">WM_SelectWindow</a>
 <LI><a href="#[473]">WM_SendMessage</a>
 <LI><a href="#[38e]">WM_SendMessageNoPara</a>
 <LI><a href="#[469]">WM_SendToParent</a>
 <LI><a href="#[447]">WM_SetCapture</a>
 <LI><a href="#[310]">WM_SetCaptureMove</a>
 <LI><a href="#[10b]">WM_SetCreateFlags</a>
 <LI><a href="#[49a]">WM_SetDefault</a>
 <LI><a href="#[30e]">WM_SetFocus</a>
 <LI><a href="#[315]">WM_SetFocusOnNextChild</a>
 <LI><a href="#[33f]">WM_SetFocusOnPrevChild</a>
 <LI><a href="#[32b]">WM_SetHasTrans</a>
 <LI><a href="#[45f]">WM_SetScrollState</a>
 <LI><a href="#[49f]">WM_SetScrollbarH</a>
 <LI><a href="#[4a1]">WM_SetScrollbarV</a>
 <LI><a href="#[33b]">WM_SetSize</a>
 <LI><a href="#[354]">WM_SetUserClipRect</a>
 <LI><a href="#[38c]">WM_ShowWindow</a>
 <LI><a href="#[49e]">WM_ValidateWindow</a>
 <LI><a href="#[4a3]">WM__ActivateClipRect</a>
 <LI><a href="#[47f]">WM__AddCriticalHandle</a>
 <LI><a href="#[48a]">WM__Client2Screen</a>
 <LI><a href="#[48c]">WM__ClipAtParentBorders</a>
 <LI><a href="#[46d]">WM__DeleteAssocTimer</a>
 <LI><a href="#[4a5]">WM__DeleteSecure</a>
 <LI><a href="#[46e]">WM__DetachWindow</a>
 <LI><a href="#[471]">WM__ForEachDesc</a>
 <LI><a href="#[468]">WM__GetClientRectEx</a>
 <LI><a href="#[45d]">WM__GetClientRectWin</a>
 <LI><a href="#[4a6]">WM__GetFirstSibling</a>
 <LI><a href="#[49b]">WM__GetFocusedChild</a>
 <LI><a href="#[4a8]">WM__GetLastSibling</a>
 <LI><a href="#[38a]">WM__GetNextIVR</a>
 <LI><a href="#[461]">WM__GetPrevSibling</a>
 <LI><a href="#[46c]">WM__GetTopLevelLayer</a>
 <LI><a href="#[331]">WM__GetWindowSizeX</a>
 <LI><a href="#[332]">WM__GetWindowSizeY</a>
 <LI><a href="#[389]">WM__InitIVRSearch</a>
 <LI><a href="#[464]">WM__InsertWindowIntoList</a>
 <LI><a href="#[48d]">WM__Invalidate1Abs</a>
 <LI><a href="#[489]">WM__InvalidateDrawAndDescs</a>
 <LI><a href="#[4ac]">WM__InvalidateParent</a>
 <LI><a href="#[4ad]">WM__InvalidateRect</a>
 <LI><a href="#[462]">WM__InvalidateRectEx</a>
 <LI><a href="#[319]">WM__IsAncestor</a>
 <LI><a href="#[317]">WM__IsAncestorOrSelf</a>
 <LI><a href="#[4a7]">WM__IsChild</a>
 <LI><a href="#[482]">WM__IsEnabled</a>
 <LI><a href="#[481]">WM__IsInModalArea</a>
 <LI><a href="#[4c8]">WM__IsInWindow</a>
 <LI><a href="#[46b]">WM__IsWindow</a>
 <LI><a href="#[492]">WM__MoveWindow</a>
 <LI><a href="#[4af]">WM__Paint</a>
 <LI><a href="#[a9]">WM__Paint1</a>
 <LI><a href="#[4c4]">WM__RectIsNZ</a>
 <LI><a href="#[487]">WM__RemoveCriticalHandle</a>
 <LI><a href="#[463]">WM__RemoveWindowFromList</a>
 <LI><a href="#[4b4]">WM__Screen2Client</a>
 <LI><a href="#[497]">WM__SelectTopLevelLayer</a>
 <LI><a href="#[311]">WM__SendMessage</a>
 <LI><a href="#[484]">WM__SendMessageIfEnabled</a>
 <LI><a href="#[3dc]">WM__SendMessageNoPara</a>
 <LI><a href="#[467]">WM__SendMsgNoData</a>
 <LI><a href="#[4b5]">WM__SendPIDMessage</a>
 <LI><a href="#[483]">WM__SendTouchMessage</a>
 <LI><a href="#[4a0]">WM__SetScrollbarH</a>
 <LI><a href="#[4a2]">WM__SetScrollbarV</a>
 <LI><a href="#[458]">WM__UpdateChildPositions</a>
 <LI><a href="#[3c1]">emWin_LCD_Init</a>
 <LI><a href="#[bd]">_Color2Index_M565</a>
 <LI><a href="#[bf]">_GetIndexMask_M565</a>
 <LI><a href="#[c0]">_Color2IndexBulk</a>
 <LI><a href="#[c1]">_Index2ColorBulk</a>
 <LI><a href="#[378]">_PushFreeBlock</a>
 <LI><a href="#[37b]">_RemoveFreeBlock</a>
 <LI><a href="#[377]">_AddFreeMemory</a>
 <LI><a href="#[37a]">_RemoveHoles</a>
 <LI><a href="#[4b7]">_EnlargeBlocks</a>
 <LI><a href="#[376]">_Alloc</a>
 <LI><a href="#[379]">_InitOnce</a>
 <LI><a href="#[3c0]">_InitContext</a>
 <LI><a href="#[94]">_OnExit</a>
 <LI><a href="#[4bc]">_GetDecs</a>
 <LI><a href="#[4bb]">_RoundHalfUp</a>
 <LI><a href="#[39b]">_DispFloatFix</a>
 <LI><a href="#[39c]">_DispFloatMin</a>
 <LI><a href="#[42f]">_GetDevProp</a>
 <LI><a href="#[435]">_GetMaxValue</a>
 <LI><a href="#[d5]">_GetDevData</a>
 <LI><a href="#[d3]">_GetDevFunc</a>
 <LI><a href="#[d2]">_SetOrg</a>
 <LI><a href="#[d6]">_GetRect</a>
 <LI><a href="#[4bf]">_XY2PTR</a>
 <LI><a href="#[cf]">_GetPixelIndex</a>
 <LI><a href="#[d1]">_XorPixel</a>
 <LI><a href="#[d0]">_SetPixelIndex</a>
 <LI><a href="#[cd]">_DrawVLine</a>
 <LI><a href="#[ce]">_FillRect</a>
 <LI><a href="#[cc]">_DrawHLine</a>
 <LI><a href="#[cb]">_DrawBitmap</a>
 <LI><a href="#[d4]">_GetDevProp</a>
 <LI><a href="#[a4]">_OnExit</a>
 <LI><a href="#[4b1]">_Paint1</a>
 <LI><a href="#[4a9]">_Findy1</a>
 <LI><a href="#[4aa]">_Findx0</a>
 <LI><a href="#[4ab]">_Findx1</a>
 <LI><a href="#[4b3]">_Paint1Trans</a>
 <LI><a href="#[4b2]">_PaintTransChildren</a>
 <LI><a href="#[4b0]">WM__PaintWinAndOverlays</a>
 <LI><a href="#[a5]">_cbPaintMemDev</a>
 <LI><a href="#[4a4]">_SetClipRectUserIntersect</a>
 <LI><a href="#[490]">_Invalidate1Abs</a>
 <LI><a href="#[46f]">_Exec1Input</a>
 <LI><a href="#[470]">_Exec1Draw</a>
 <LI><a href="#[a3]">_cbBackWin</a>
 <LI><a href="#[475]">_GetDialogItem</a>
 <LI><a href="#[d8]">_MULTIBUF_End</a>
 <LI><a href="#[d7]">_MULTIBUF_Begin</a>
 <LI><a href="#[318]">_SetActive</a>
 <LI><a href="#[87]">FRAMEWIN__cbClient</a>
 <LI><a href="#[351]">_ManageScrollbars</a>
 <LI><a href="#[362]">_OnScrollValueChanged</a>
 <LI><a href="#[8b]">_OnDelete</a>
 <LI><a href="#[8a]">_OnPaint</a>
 <LI><a href="#[89]">_InvalidateNewItem</a>
 <LI><a href="#[8c]">_OnPaint</a>
 <LI><a href="#[b]">_Log2VisBuffered</a>
 <LI><a href="#[41f]">_DispLine</a>
 <LI><a href="#[344]">_SetLineColor</a>
 <LI><a href="#[371]">_GetTaskNo</a>
 <LI><a href="#[8d]">_OnExit</a>
 <LI><a href="#[d9]">_GetCharCode</a>
 <LI><a href="#[da]">_GetCharSize</a>
 <LI><a href="#[db]">_CalcSizeOfChar</a>
 <LI><a href="#[dc]">_Encode</a>
 <LI><a href="#[e]">_GetWordWrap</a>
 <LI><a href="#[f]">_GetCharWrap</a>
 <LI><a href="#[42c]">_WrapGetNumCharsDisp</a>
 <LI><a href="#[df]">_SetDrawMode</a>
 <LI><a href="#[dd]">_SetColor</a>
 <LI><a href="#[de]">_SetBkColor</a>
 <LI><a href="#[98]">_OnExit</a>
 <LI><a href="#[3e2]">_CreateStaticDevice</a>
 <LI><a href="#[3f0]">_Convert16</a>
 <LI><a href="#[3f1]">_Convert8</a>
 <LI><a href="#[a1]">_cbInvalidateOne</a>
 <LI><a href="#[4ae]">_MoveDescendents</a>
 <LI><a href="#[49c]">_GetNextChild</a>
 <LI><a href="#[49d]">_GetPrevChild</a>
 <LI><a href="#[4b6]">_SetScrollbar</a>
 <LI><a href="#[a2]">_cbTimer</a>
 <LI><a href="#[12]">_GetBorderSize</a>
 <LI><a href="#[11]">_Create</a>
 <LI><a href="#[10]">_Paint</a>
 <LI><a href="#[444]">_DeleteTimer</a>
 <LI><a href="#[45b]">_EffectRequiresRedraw</a>
 <LI><a href="#[e0]">_Color2Index_M8888I</a>
 <LI><a href="#[e1]">_GetIndexMask_M8888I</a>
 <LI><a href="#[e2]">_Color2IndexBulk_M8888I</a>
 <LI><a href="#[e3]">_Index2ColorBulk_M8888I</a>
 <LI><a href="#[e6]">_GetIndexMask_0</a>
 <LI><a href="#[e5]">_Index2Color_0</a>
 <LI><a href="#[e4]">_Color2Index_0</a>
 <LI><a href="#[3ac]">_DrawGradient</a>
 <LI><a href="#[349]">_Add</a>
 <LI><a href="#[90]">_OnExit</a>
 <LI><a href="#[93]">_OnExit</a>
 <LI><a href="#[409]">_Link</a>
 <LI><a href="#[40b]">_Unlink</a>
 <LI><a href="#[97]">_OnExit</a>
 <LI><a href="#[423]">_GetTwinArcPara</a>
 <LI><a href="#[f1]">_GetDevData</a>
 <LI><a href="#[ef]">_GetDevFunc</a>
 <LI><a href="#[f0]">_GetDevProp</a>
 <LI><a href="#[ee]">_SetOrg</a>
 <LI><a href="#[f2]">_GetRect</a>
 <LI><a href="#[4c0]">_XY2PTR</a>
 <LI><a href="#[eb]">_GetPixelIndex</a>
 <LI><a href="#[ed]">_XorPixel</a>
 <LI><a href="#[ec]">_SetPixelIndex</a>
 <LI><a href="#[e9]">_DrawVLine</a>
 <LI><a href="#[ea]">_FillRect</a>
 <LI><a href="#[e8]">_DrawHLine</a>
 <LI><a href="#[e7]">_DrawBitmap</a>
 <LI><a href="#[f3]">GUI_USAGE_BM_AddPixel</a>
 <LI><a href="#[f7]">GUI_USAGE_BM_GetNextDirty</a>
 <LI><a href="#[f6]">_GUI_USAGE_BM_Delete</a>
 <LI><a href="#[f5]">GUI_USAGE_BM_Clear</a>
 <LI><a href="#[f4]">GUI_USAGE_BM_AddHLine</a>
 <LI><a href="#[496]">_Screen2hWin</a>
 <LI><a href="#[493]">WM__ReleaseCapture</a>
 <LI><a href="#[18]">_Create</a>
 <LI><a href="#[a6]">_CalcPositions</a>
 <LI><a href="#[17]">_Paint</a>
 <LI><a href="#[452]">_GetArrowPara</a>
 <LI><a href="#[9c]">_DrawGraspH</a>
 <LI><a href="#[9a]">_DrawGraspV</a>
 <LI><a href="#[4bd]">_DrawFrame</a>
 <LI><a href="#[9d]">_DrawBackgroundH</a>
 <LI><a href="#[9b]">_DrawBackgroundV</a>
 <LI><a href="#[fb]">_DrawDownRect</a>
 <LI><a href="#[f9]">_DrawUpRect</a>
 <LI><a href="#[fa]">_DrawDown</a>
 <LI><a href="#[f8]">_DrawUp</a>
 <LI><a href="#[3fe]">_CreateBuffer</a>
 <LI><a href="#[3ff]">_GetBkIndex.isra.0</a>
 <LI><a href="#[401]">_GetBkIndexAlpha.isra.2</a>
 <LI><a href="#[3fd]">_GetDeviceRect</a>
 <LI><a href="#[4c2]">_FlushBuffer.isra.5</a>
 <LI><a href="#[400]">_SetBkIndexBuffered</a>
 <LI><a href="#[402]">_ReleaseBuffer.isra.6</a>
 <LI><a href="#[3fb]">LCD_ReadRectEx</a>
 <LI><a href="#[3eb]">_ClipX</a>
 <LI><a href="#[3ec]">_ClipY</a>
 <LI><a href="#[3ea]">_WriteToActiveAlpha</a>
</UL>
</UL>
<P>
<H3>
Mutually Recursive functions
</H3> <LI><a href="#[4b7]">_EnlargeBlocks</a>&nbsp;&nbsp;&nbsp;&rArr;&nbsp;&nbsp;&nbsp;<a href="#[376]">_Alloc</a><BR>
 <LI><a href="#[4ad]">WM__InvalidateRect</a>&nbsp;&nbsp;&nbsp;&rArr;&nbsp;&nbsp;&nbsp;<a href="#[4ad]">WM__InvalidateRect</a><BR>
 <LI><a href="#[48f]">WM_InvalidateWindowAndDescsEx</a>&nbsp;&nbsp;&nbsp;&rArr;&nbsp;&nbsp;&nbsp;<a href="#[48f]">WM_InvalidateWindowAndDescsEx</a><BR>
 <LI><a href="#[489]">WM__InvalidateDrawAndDescs</a>&nbsp;&nbsp;&nbsp;&rArr;&nbsp;&nbsp;&nbsp;<a href="#[489]">WM__InvalidateDrawAndDescs</a><BR>
 <LI><a href="#[469]">WM_SendToParent</a>&nbsp;&nbsp;&nbsp;&rArr;&nbsp;&nbsp;&nbsp;<a href="#[311]">WM__SendMessage</a><BR>
 <LI><a href="#[35]">ADC_IRQHandler</a>&nbsp;&nbsp;&nbsp;&rArr;&nbsp;&nbsp;&nbsp;<a href="#[35]">ADC_IRQHandler</a><BR>
 <LI><a href="#[4ae]">_MoveDescendents</a>&nbsp;&nbsp;&nbsp;&rArr;&nbsp;&nbsp;&nbsp;<a href="#[4ae]">_MoveDescendents</a><BR>
 <LI><a href="#[471]">WM__ForEachDesc</a>&nbsp;&nbsp;&nbsp;&rArr;&nbsp;&nbsp;&nbsp;<a href="#[471]">WM__ForEachDesc</a><BR>
 <LI><a href="#[338]">WM_ResizeWindow</a>&nbsp;&nbsp;&nbsp;&rArr;&nbsp;&nbsp;&nbsp;<a href="#[458]">WM__UpdateChildPositions</a><BR>
 <LI><a href="#[4ab]">_Findx1</a>&nbsp;&nbsp;&nbsp;&rArr;&nbsp;&nbsp;&nbsp;<a href="#[4ab]">_Findx1</a><BR>
 <LI><a href="#[4aa]">_Findx0</a>&nbsp;&nbsp;&nbsp;&rArr;&nbsp;&nbsp;&nbsp;<a href="#[4aa]">_Findx0</a><BR>
 <LI><a href="#[4a9]">_Findy1</a>&nbsp;&nbsp;&nbsp;&rArr;&nbsp;&nbsp;&nbsp;<a href="#[4a9]">_Findy1</a><BR>
 <LI><a href="#[475]">_GetDialogItem</a>&nbsp;&nbsp;&nbsp;&rArr;&nbsp;&nbsp;&nbsp;<a href="#[475]">_GetDialogItem</a><BR>
 <LI><a href="#[36d]">GUIPROP__FindChar</a>&nbsp;&nbsp;&nbsp;&rArr;&nbsp;&nbsp;&nbsp;<a href="#[36d]">GUIPROP__FindChar</a><BR>
 <LI><a href="#[496]">_Screen2hWin</a>&nbsp;&nbsp;&nbsp;&rArr;&nbsp;&nbsp;&nbsp;<a href="#[496]">_Screen2hWin</a><BR>
 <LI><a href="#[142]">LCD_Fill</a>&nbsp;&nbsp;&nbsp;&rArr;&nbsp;&nbsp;&nbsp;<a href="#[142]">LCD_Fill</a><BR>
 <LI><a href="#[4b2]">_PaintTransChildren</a>&nbsp;&nbsp;&nbsp;&rArr;&nbsp;&nbsp;&nbsp;<a href="#[4b2]">_PaintTransChildren</a><BR>
</UL>
<P>
<H3>
Function Pointers
</H3><UL>
 <LI><a href="#[35]">ADC_IRQHandler</a> from startup_stm32f40_41xxx.o(.text) referenced from startup_stm32f40_41xxx.o(RESET)
 <LI><a href="#[1d]">BusFault_Handler</a> from stm32f4xx_it.o(.text) referenced from startup_stm32f40_41xxx.o(RESET)
 <LI><a href="#[37]">CAN1_RX0_IRQHandler</a> from startup_stm32f40_41xxx.o(.text) referenced from startup_stm32f40_41xxx.o(RESET)
 <LI><a href="#[38]">CAN1_RX1_IRQHandler</a> from startup_stm32f40_41xxx.o(.text) referenced from startup_stm32f40_41xxx.o(RESET)
 <LI><a href="#[39]">CAN1_SCE_IRQHandler</a> from startup_stm32f40_41xxx.o(.text) referenced from startup_stm32f40_41xxx.o(RESET)
 <LI><a href="#[36]">CAN1_TX_IRQHandler</a> from startup_stm32f40_41xxx.o(.text) referenced from startup_stm32f40_41xxx.o(RESET)
 <LI><a href="#[63]">CAN2_RX0_IRQHandler</a> from startup_stm32f40_41xxx.o(.text) referenced from startup_stm32f40_41xxx.o(RESET)
 <LI><a href="#[64]">CAN2_RX1_IRQHandler</a> from startup_stm32f40_41xxx.o(.text) referenced from startup_stm32f40_41xxx.o(RESET)
 <LI><a href="#[65]">CAN2_SCE_IRQHandler</a> from startup_stm32f40_41xxx.o(.text) referenced from startup_stm32f40_41xxx.o(RESET)
 <LI><a href="#[62]">CAN2_TX_IRQHandler</a> from startup_stm32f40_41xxx.o(.text) referenced from startup_stm32f40_41xxx.o(RESET)
 <LI><a href="#[72]">CRYP_IRQHandler</a> from startup_stm32f40_41xxx.o(.text) referenced from startup_stm32f40_41xxx.o(RESET)
 <LI><a href="#[71]">DCMI_IRQHandler</a> from startup_stm32f40_41xxx.o(.text) referenced from startup_stm32f40_41xxx.o(RESET)
 <LI><a href="#[2e]">DMA1_Stream0_IRQHandler</a> from startup_stm32f40_41xxx.o(.text) referenced from startup_stm32f40_41xxx.o(RESET)
 <LI><a href="#[2f]">DMA1_Stream1_IRQHandler</a> from startup_stm32f40_41xxx.o(.text) referenced from startup_stm32f40_41xxx.o(RESET)
 <LI><a href="#[30]">DMA1_Stream2_IRQHandler</a> from startup_stm32f40_41xxx.o(.text) referenced from startup_stm32f40_41xxx.o(RESET)
 <LI><a href="#[31]">DMA1_Stream3_IRQHandler</a> from startup_stm32f40_41xxx.o(.text) referenced from startup_stm32f40_41xxx.o(RESET)
 <LI><a href="#[32]">DMA1_Stream4_IRQHandler</a> from startup_stm32f40_41xxx.o(.text) referenced from startup_stm32f40_41xxx.o(RESET)
 <LI><a href="#[33]">DMA1_Stream5_IRQHandler</a> from startup_stm32f40_41xxx.o(.text) referenced from startup_stm32f40_41xxx.o(RESET)
 <LI><a href="#[34]">DMA1_Stream6_IRQHandler</a> from startup_stm32f40_41xxx.o(.text) referenced from startup_stm32f40_41xxx.o(RESET)
 <LI><a href="#[52]">DMA1_Stream7_IRQHandler</a> from startup_stm32f40_41xxx.o(.text) referenced from startup_stm32f40_41xxx.o(RESET)
 <LI><a href="#[5b]">DMA2_Stream0_IRQHandler</a> from startup_stm32f40_41xxx.o(.text) referenced from startup_stm32f40_41xxx.o(RESET)
 <LI><a href="#[5c]">DMA2_Stream1_IRQHandler</a> from startup_stm32f40_41xxx.o(.text) referenced from startup_stm32f40_41xxx.o(RESET)
 <LI><a href="#[5d]">DMA2_Stream2_IRQHandler</a> from startup_stm32f40_41xxx.o(.text) referenced from startup_stm32f40_41xxx.o(RESET)
 <LI><a href="#[5e]">DMA2_Stream3_IRQHandler</a> from startup_stm32f40_41xxx.o(.text) referenced from startup_stm32f40_41xxx.o(RESET)
 <LI><a href="#[5f]">DMA2_Stream4_IRQHandler</a> from startup_stm32f40_41xxx.o(.text) referenced from startup_stm32f40_41xxx.o(RESET)
 <LI><a href="#[67]">DMA2_Stream5_IRQHandler</a> from startup_stm32f40_41xxx.o(.text) referenced from startup_stm32f40_41xxx.o(RESET)
 <LI><a href="#[68]">DMA2_Stream6_IRQHandler</a> from startup_stm32f40_41xxx.o(.text) referenced from startup_stm32f40_41xxx.o(RESET)
 <LI><a href="#[69]">DMA2_Stream7_IRQHandler</a> from startup_stm32f40_41xxx.o(.text) referenced from startup_stm32f40_41xxx.o(RESET)
 <LI><a href="#[20]">DebugMon_Handler</a> from stm32f4xx_it.o(.text) referenced from startup_stm32f40_41xxx.o(RESET)
 <LI><a href="#[60]">ETH_IRQHandler</a> from startup_stm32f40_41xxx.o(.text) referenced from startup_stm32f40_41xxx.o(RESET)
 <LI><a href="#[61]">ETH_WKUP_IRQHandler</a> from startup_stm32f40_41xxx.o(.text) referenced from startup_stm32f40_41xxx.o(RESET)
 <LI><a href="#[29]">EXTI0_IRQHandler</a> from startup_stm32f40_41xxx.o(.text) referenced from startup_stm32f40_41xxx.o(RESET)
 <LI><a href="#[4b]">EXTI15_10_IRQHandler</a> from startup_stm32f40_41xxx.o(.text) referenced from startup_stm32f40_41xxx.o(RESET)
 <LI><a href="#[2a]">EXTI1_IRQHandler</a> from startup_stm32f40_41xxx.o(.text) referenced from startup_stm32f40_41xxx.o(RESET)
 <LI><a href="#[2b]">EXTI2_IRQHandler</a> from startup_stm32f40_41xxx.o(.text) referenced from startup_stm32f40_41xxx.o(RESET)
 <LI><a href="#[2c]">EXTI3_IRQHandler</a> from startup_stm32f40_41xxx.o(.text) referenced from startup_stm32f40_41xxx.o(RESET)
 <LI><a href="#[2d]">EXTI4_IRQHandler</a> from startup_stm32f40_41xxx.o(.text) referenced from startup_stm32f40_41xxx.o(RESET)
 <LI><a href="#[3a]">EXTI9_5_IRQHandler</a> from startup_stm32f40_41xxx.o(.text) referenced from startup_stm32f40_41xxx.o(RESET)
 <LI><a href="#[27]">FLASH_IRQHandler</a> from startup_stm32f40_41xxx.o(.text) referenced from startup_stm32f40_41xxx.o(RESET)
 <LI><a href="#[74]">FPU_IRQHandler</a> from startup_stm32f40_41xxx.o(.text) referenced from startup_stm32f40_41xxx.o(RESET)
 <LI><a href="#[86]">FRAMEWIN_Callback</a> from FRAMEWIN.o(.text.FRAMEWIN_Callback) referenced from FRAMEWIN.o(.text.FRAMEWIN_CreateUser)
 <LI><a href="#[ae]">FRAMEWIN_CreateIndirect</a> from FRAMEWIN.o(.text.FRAMEWIN_CreateIndirect) referenced from gui.o(.constdata)
 <LI><a href="#[a]">FRAMEWIN_DrawSkinFlex</a> from FRAMEWIN_SkinFlex.o(.text.FRAMEWIN_DrawSkinFlex) referenced 4 times from FRAMEWIN.o(.data)
 <LI><a href="#[9]">FRAMEWIN__GetBorderSize</a> from FRAMEWIN.o(.text.FRAMEWIN__GetBorderSize) referenced 2 times from FRAMEWIN.o(.data)
 <LI><a href="#[87]">FRAMEWIN__cbClient</a> from FRAMEWIN.o(.text.FRAMEWIN__cbClient) referenced from FRAMEWIN.o(.text.FRAMEWIN_CreateUser)
 <LI><a href="#[53]">FSMC_IRQHandler</a> from startup_stm32f40_41xxx.o(.text) referenced from startup_stm32f40_41xxx.o(RESET)
 <LI><a href="#[78]">FT5206_Scan</a> from ft5206.o(.text) referenced from touch.o(.text)
 <LI><a href="#[88]">GRAPH_Callback</a> from GRAPH.o(.text.GRAPH_Callback) referenced from GRAPH.o(.text.GRAPH_CreateUser)
 <LI><a href="#[af]">GRAPH_CreateIndirect</a> from GRAPH.o(.text.GRAPH_CreateIndirect) referenced from gui.o(.constdata)
 <LI><a href="#[76]">GT9147_Scan</a> from gt9147.o(.text) referenced from touch.o(.text)
 <LI><a href="#[c7]">GUIMONO_DispChar</a> from GUI_CharM.o(.text.GUIMONO_DispChar) referenced 8 times from F6x8.o(.rodata)
 <LI><a href="#[c8]">GUIMONO_GetCharDistX</a> from GUI_CharM.o(.text.GUIMONO_GetCharDistX) referenced 8 times from F6x8.o(.rodata)
 <LI><a href="#[c9]">GUIMONO_GetFontInfo</a> from GUI_CharM.o(.text.GUIMONO_GetFontInfo) referenced 8 times from F6x8.o(.rodata)
 <LI><a href="#[ca]">GUIMONO_IsInFont</a> from GUI_CharM.o(.text.GUIMONO_IsInFont) referenced 8 times from F6x8.o(.rodata)
 <LI><a href="#[c3]">GUIPROP_DispChar</a> from GUI_CharP.o(.text.GUIPROP_DispChar) referenced 4 times from F13_ASCII.o(.rodata)
 <LI><a href="#[c4]">GUIPROP_GetCharDistX</a> from GUI_CharP.o(.text.GUIPROP_GetCharDistX) referenced 4 times from F13_ASCII.o(.rodata)
 <LI><a href="#[c5]">GUIPROP_GetFontInfo</a> from GUI_CharP.o(.text.GUIPROP_GetFontInfo) referenced 4 times from F13_ASCII.o(.rodata)
 <LI><a href="#[c6]">GUIPROP_IsInFont</a> from GUI_CharP.o(.text.GUIPROP_IsInFont) referenced 4 times from F13_ASCII.o(.rodata)
 <LI><a href="#[9e]">GUI_DrawGradientH</a> from GUI_DrawGradient.o(.text.GUI_DrawGradientH) referenced from SCROLLBAR_SkinFlex.o(.text.SCROLLBAR_DrawSkinFlex)
 <LI><a href="#[9f]">GUI_DrawGradientV</a> from GUI_DrawGradient.o(.text.GUI_DrawGradientV) referenced from SCROLLBAR_SkinFlex.o(.text.SCROLLBAR_DrawSkinFlex)
 <LI><a href="#[aa]">GUI_MEMDEV_Paint1Static</a> from GUIDEV_StaticDevices.o(.text.GUI_MEMDEV_Paint1Static) referenced from WM.o(.text._Paint1)
 <LI><a href="#[a8]">GUI_MEMDEV__WriteToActiveAlpha</a> from GUIDEV_WriteToActiveAlpha.o(.text.GUI_MEMDEV__WriteToActiveAlpha) referenced from GUIDEV_32.o(.text._GetDevFunc)
 <LI><a href="#[a7]">GUI_MEMDEV__WriteToActiveOpaque</a> from GUIDEV_WriteToActiveOpaque.o(.text.GUI_MEMDEV__WriteToActiveOpaque) referenced from GUIDEV_16.o(.text._GetDevFunc)
 <LI><a href="#[92]">GUI_TIMER_Exec</a> from GUI_Timer.o(.text.GUI_TIMER_Exec) referenced from GUI_Timer.o(.text.GUI_TIMER_Create)
 <LI><a href="#[f4]">GUI_USAGE_BM_AddHLine</a> from GUIDEV_UsageBM.o(.text.GUI_USAGE_BM_AddHLine) referenced from GUIDEV_UsageBM.o(.rodata)
 <LI><a href="#[f3]">GUI_USAGE_BM_AddPixel</a> from GUIDEV_UsageBM.o(.text.GUI_USAGE_BM_AddPixel) referenced from GUIDEV_UsageBM.o(.rodata)
 <LI><a href="#[f5]">GUI_USAGE_BM_Clear</a> from GUIDEV_UsageBM.o(.text.GUI_USAGE_BM_Clear) referenced from GUIDEV_UsageBM.o(.rodata)
 <LI><a href="#[f7]">GUI_USAGE_BM_GetNextDirty</a> from GUIDEV_UsageBM.o(.text.GUI_USAGE_BM_GetNextDirty) referenced from GUIDEV_UsageBM.o(.rodata)
 <LI><a href="#[14]">GUI__MixColors</a> from GUI__Alpha.o(.text.GUI__MixColors) referenced 2 times from GUI__Alpha.o(.data)
 <LI><a href="#[15]">GUI__MixColorsBulk</a> from GUI__Alpha.o(.text.GUI__MixColorsBulk) referenced 2 times from GUI__Alpha.o(.data)
 <LI><a href="#[73]">HASH_RNG_IRQHandler</a> from startup_stm32f40_41xxx.o(.text) referenced from startup_stm32f40_41xxx.o(RESET)
 <LI><a href="#[1b]">HardFault_Handler</a> from stm32f4xx_it.o(.text) referenced from startup_stm32f40_41xxx.o(RESET)
 <LI><a href="#[43]">I2C1_ER_IRQHandler</a> from startup_stm32f40_41xxx.o(.text) referenced from startup_stm32f40_41xxx.o(RESET)
 <LI><a href="#[42]">I2C1_EV_IRQHandler</a> from startup_stm32f40_41xxx.o(.text) referenced from startup_stm32f40_41xxx.o(RESET)
 <LI><a href="#[45]">I2C2_ER_IRQHandler</a> from startup_stm32f40_41xxx.o(.text) referenced from startup_stm32f40_41xxx.o(RESET)
 <LI><a href="#[44]">I2C2_EV_IRQHandler</a> from startup_stm32f40_41xxx.o(.text) referenced from startup_stm32f40_41xxx.o(RESET)
 <LI><a href="#[6c]">I2C3_ER_IRQHandler</a> from startup_stm32f40_41xxx.o(.text) referenced from startup_stm32f40_41xxx.o(RESET)
 <LI><a href="#[6b]">I2C3_EV_IRQHandler</a> from startup_stm32f40_41xxx.o(.text) referenced from startup_stm32f40_41xxx.o(RESET)
 <LI><a href="#[16]">LCD_AA_MixColors16</a> from LCD_AA.o(.text.LCD_AA_MixColors16) referenced 2 times from LCD_AA.o(.data)
 <LI><a href="#[8f]">LCD_DrawHLine</a> from LCD.o(.text.LCD_DrawHLine) referenced from GUI_Core.o(.rodata)
 <LI><a href="#[8f]">LCD_DrawHLine</a> from LCD.o(.text.LCD_DrawHLine) referenced from GUI_DrawGradient.o(.text.GUI_DrawGradientV)
 <LI><a href="#[c2]">LCD_DrawPixel</a> from LCD.o(.text.LCD_DrawPixel) referenced from GUI_Core.o(.rodata)
 <LI><a href="#[8e]">LCD_DrawVLine</a> from LCD.o(.text.LCD_DrawVLine) referenced from GUI_DrawGradient.o(.text.GUI_DrawGradientH)
 <LI><a href="#[8]">LCD_GetpPalConvTableBM</a> from LCD_Color.o(.text.LCD_GetpPalConvTableBM) referenced 2 times from GUI_Core.o(.data)
 <LI><a href="#[be]">LCD_Index2Color_M565</a> from GUICC_M565.o(.text.LCD_Index2Color_M565) referenced from GUICC_M565.o(.rodata)
 <LI><a href="#[96]">LCD_Index2Color_M888</a> from GUICC_M888_Index2Color.o(.text.LCD_Index2Color_M888) referenced from GUI__Alpha.o(.text.GUI__DoAlphaBlending)
 <LI><a href="#[95]">LCD_Index2Color_M8888I</a> from GUICC_M8888I_Index2Color.o(.text.LCD_Index2Color_M8888I) referenced from GUICC_M8888I.o(.rodata)
 <LI><a href="#[95]">LCD_Index2Color_M8888I</a> from GUICC_M8888I_Index2Color.o(.text.LCD_Index2Color_M8888I) referenced from GUI__Alpha.o(.text.GUI__DoAlphaBlending)
 <LI><a href="#[95]">LCD_Index2Color_M8888I</a> from GUICC_M8888I_Index2Color.o(.text.LCD_Index2Color_M8888I) referenced from GUIDEV_WriteToActiveAlpha.o(.text._WriteToActiveAlpha)
 <LI><a href="#[1c]">MemManage_Handler</a> from stm32f4xx_it.o(.text) referenced from startup_stm32f40_41xxx.o(RESET)
 <LI><a href="#[1a]">NMI_Handler</a> from stm32f4xx_it.o(.text) referenced from startup_stm32f40_41xxx.o(RESET)
 <LI><a href="#[66]">OTG_FS_IRQHandler</a> from startup_stm32f40_41xxx.o(.text) referenced from startup_stm32f40_41xxx.o(RESET)
 <LI><a href="#[4d]">OTG_FS_WKUP_IRQHandler</a> from startup_stm32f40_41xxx.o(.text) referenced from startup_stm32f40_41xxx.o(RESET)
 <LI><a href="#[6e]">OTG_HS_EP1_IN_IRQHandler</a> from startup_stm32f40_41xxx.o(.text) referenced from startup_stm32f40_41xxx.o(RESET)
 <LI><a href="#[6d]">OTG_HS_EP1_OUT_IRQHandler</a> from startup_stm32f40_41xxx.o(.text) referenced from startup_stm32f40_41xxx.o(RESET)
 <LI><a href="#[70]">OTG_HS_IRQHandler</a> from startup_stm32f40_41xxx.o(.text) referenced from startup_stm32f40_41xxx.o(RESET)
 <LI><a href="#[6f]">OTG_HS_WKUP_IRQHandler</a> from startup_stm32f40_41xxx.o(.text) referenced from startup_stm32f40_41xxx.o(RESET)
 <LI><a href="#[77]">OTT2001A_Scan</a> from ott2001a.o(.text) referenced from touch.o(.text)
 <LI><a href="#[24]">PVD_IRQHandler</a> from startup_stm32f40_41xxx.o(.text) referenced from startup_stm32f40_41xxx.o(RESET)
 <LI><a href="#[21]">PendSV_Handler</a> from port.o(.emb_text) referenced from startup_stm32f40_41xxx.o(RESET)
 <LI><a href="#[28]">RCC_IRQHandler</a> from startup_stm32f40_41xxx.o(.text) referenced from startup_stm32f40_41xxx.o(RESET)
 <LI><a href="#[4c]">RTC_Alarm_IRQHandler</a> from startup_stm32f40_41xxx.o(.text) referenced from startup_stm32f40_41xxx.o(RESET)
 <LI><a href="#[26]">RTC_WKUP_IRQHandler</a> from startup_stm32f40_41xxx.o(.text) referenced from startup_stm32f40_41xxx.o(RESET)
 <LI><a href="#[19]">Reset_Handler</a> from startup_stm32f40_41xxx.o(.text) referenced from startup_stm32f40_41xxx.o(RESET)
 <LI><a href="#[99]">SCROLLBAR_Callback</a> from SCROLLBAR.o(.text.SCROLLBAR_Callback) referenced from SCROLLBAR.o(.text.SCROLLBAR_CreateUser)
 <LI><a href="#[13]">SCROLLBAR_DrawSkinFlex</a> from SCROLLBAR_SkinFlex.o(.text.SCROLLBAR_DrawSkinFlex) referenced 2 times from SCROLLBAR.o(.data)
 <LI><a href="#[54]">SDIO_IRQHandler</a> from startup_stm32f40_41xxx.o(.text) referenced from startup_stm32f40_41xxx.o(RESET)
 <LI><a href="#[46]">SPI1_IRQHandler</a> from startup_stm32f40_41xxx.o(.text) referenced from startup_stm32f40_41xxx.o(RESET)
 <LI><a href="#[47]">SPI2_IRQHandler</a> from startup_stm32f40_41xxx.o(.text) referenced from startup_stm32f40_41xxx.o(RESET)
 <LI><a href="#[56]">SPI3_IRQHandler</a> from startup_stm32f40_41xxx.o(.text) referenced from startup_stm32f40_41xxx.o(RESET)
 <LI><a href="#[1f]">SVC_Handler</a> from port.o(.emb_text) referenced from startup_stm32f40_41xxx.o(RESET)
 <LI><a href="#[22]">SysTick_Handler</a> from delay.o(.text) referenced from startup_stm32f40_41xxx.o(RESET)
 <LI><a href="#[7a]">SystemInit</a> from system_stm32f4xx.o(.text) referenced from startup_stm32f40_41xxx.o(.text)
 <LI><a href="#[25]">TAMP_STAMP_IRQHandler</a> from startup_stm32f40_41xxx.o(.text) referenced from startup_stm32f40_41xxx.o(RESET)
 <LI><a href="#[a0]">TEXT_Callback</a> from TEXT.o(.text.TEXT_Callback) referenced from TEXT.o(.text.TEXT_CreateUser)
 <LI><a href="#[b0]">TEXT_CreateIndirect</a> from TEXT.o(.text.TEXT_CreateIndirect) referenced 2 times from gui.o(.constdata)
 <LI><a href="#[3b]">TIM1_BRK_TIM9_IRQHandler</a> from startup_stm32f40_41xxx.o(.text) referenced from startup_stm32f40_41xxx.o(RESET)
 <LI><a href="#[3e]">TIM1_CC_IRQHandler</a> from startup_stm32f40_41xxx.o(.text) referenced from startup_stm32f40_41xxx.o(RESET)
 <LI><a href="#[3d]">TIM1_TRG_COM_TIM11_IRQHandler</a> from startup_stm32f40_41xxx.o(.text) referenced from startup_stm32f40_41xxx.o(RESET)
 <LI><a href="#[3c]">TIM1_UP_TIM10_IRQHandler</a> from startup_stm32f40_41xxx.o(.text) referenced from startup_stm32f40_41xxx.o(RESET)
 <LI><a href="#[3f]">TIM2_IRQHandler</a> from startup_stm32f40_41xxx.o(.text) referenced from startup_stm32f40_41xxx.o(RESET)
 <LI><a href="#[40]">TIM3_IRQHandler</a> from timer.o(.text) referenced from startup_stm32f40_41xxx.o(RESET)
 <LI><a href="#[41]">TIM4_IRQHandler</a> from startup_stm32f40_41xxx.o(.text) referenced from startup_stm32f40_41xxx.o(RESET)
 <LI><a href="#[55]">TIM5_IRQHandler</a> from startup_stm32f40_41xxx.o(.text) referenced from startup_stm32f40_41xxx.o(RESET)
 <LI><a href="#[59]">TIM6_DAC_IRQHandler</a> from startup_stm32f40_41xxx.o(.text) referenced from startup_stm32f40_41xxx.o(RESET)
 <LI><a href="#[5a]">TIM7_IRQHandler</a> from startup_stm32f40_41xxx.o(.text) referenced from startup_stm32f40_41xxx.o(RESET)
 <LI><a href="#[4e]">TIM8_BRK_TIM12_IRQHandler</a> from startup_stm32f40_41xxx.o(.text) referenced from startup_stm32f40_41xxx.o(RESET)
 <LI><a href="#[51]">TIM8_CC_IRQHandler</a> from startup_stm32f40_41xxx.o(.text) referenced from startup_stm32f40_41xxx.o(RESET)
 <LI><a href="#[50]">TIM8_TRG_COM_TIM14_IRQHandler</a> from startup_stm32f40_41xxx.o(.text) referenced from startup_stm32f40_41xxx.o(RESET)
 <LI><a href="#[4f]">TIM8_UP_TIM13_IRQHandler</a> from startup_stm32f40_41xxx.o(.text) referenced from startup_stm32f40_41xxx.o(RESET)
 <LI><a href="#[3]">TP_Adjust</a> from touch.o(.text) referenced 2 times from touch.o(.data)
 <LI><a href="#[1]">TP_Init</a> from touch.o(.text) referenced 2 times from touch.o(.data)
 <LI><a href="#[2]">TP_Scan</a> from touch.o(.text) referenced 2 times from touch.o(.data)
 <LI><a href="#[57]">UART4_IRQHandler</a> from startup_stm32f40_41xxx.o(.text) referenced from startup_stm32f40_41xxx.o(RESET)
 <LI><a href="#[58]">UART5_IRQHandler</a> from startup_stm32f40_41xxx.o(.text) referenced from startup_stm32f40_41xxx.o(RESET)
 <LI><a href="#[48]">USART1_IRQHandler</a> from usart.o(.text) referenced from startup_stm32f40_41xxx.o(RESET)
 <LI><a href="#[49]">USART2_IRQHandler</a> from startup_stm32f40_41xxx.o(.text) referenced from startup_stm32f40_41xxx.o(RESET)
 <LI><a href="#[4a]">USART3_IRQHandler</a> from esp8266.o(.text) referenced from startup_stm32f40_41xxx.o(RESET)
 <LI><a href="#[6a]">USART6_IRQHandler</a> from startup_stm32f40_41xxx.o(.text) referenced from startup_stm32f40_41xxx.o(RESET)
 <LI><a href="#[1e]">UsageFault_Handler</a> from stm32f4xx_it.o(.text) referenced from startup_stm32f40_41xxx.o(RESET)
 <LI><a href="#[91]">WM_HandlePID</a> from WM_Touch.o(.text.WM_HandlePID) referenced from GUI_PID.o(.text.GUI_PID_StoreState)
 <LI><a href="#[a9]">WM__Paint1</a> from WM.o(.text.WM__Paint1) referenced from WM.o(.text._Paint1)
 <LI><a href="#[23]">WWDG_IRQHandler</a> from startup_stm32f40_41xxx.o(.text) referenced from startup_stm32f40_41xxx.o(RESET)
 <LI><a href="#[a6]">_CalcPositions</a> from SCROLLBAR_Skin.o(.text._CalcPositions) referenced from SCROLLBAR_Skin.o(.text._Create)
 <LI><a href="#[db]">_CalcSizeOfChar</a> from GUI_UC_EncodeNone.o(.text._CalcSizeOfChar) referenced from GUI_UC_EncodeNone.o(.rodata)
 <LI><a href="#[c0]">_Color2IndexBulk</a> from GUICC_M565.o(.text._Color2IndexBulk) referenced from GUICC_M565.o(.rodata)
 <LI><a href="#[e2]">_Color2IndexBulk_M8888I</a> from GUICC_M8888I.o(.text._Color2IndexBulk_M8888I) referenced from GUICC_M8888I.o(.rodata)
 <LI><a href="#[e4]">_Color2Index_0</a> from GUICC_0.o(.text._Color2Index_0) referenced from GUICC_0.o(.rodata)
 <LI><a href="#[bd]">_Color2Index_M565</a> from GUICC_M565.o(.text._Color2Index_M565) referenced from GUICC_M565.o(.rodata)
 <LI><a href="#[e0]">_Color2Index_M8888I</a> from GUICC_M8888I.o(.text._Color2Index_M8888I) referenced from GUICC_M8888I.o(.rodata)
 <LI><a href="#[11]">_Create</a> from FRAMEWIN_Skin.o(.text._Create) referenced 4 times from FRAMEWIN_Skin.o(.data)
 <LI><a href="#[9d]">_DrawBackgroundH</a> from SCROLLBAR_SkinFlex.o(.text._DrawBackgroundH) referenced from SCROLLBAR_SkinFlex.o(.text.SCROLLBAR_DrawSkinFlex)
 <LI><a href="#[9b]">_DrawBackgroundV</a> from SCROLLBAR_SkinFlex.o(.text._DrawBackgroundV) referenced from SCROLLBAR_SkinFlex.o(.text.SCROLLBAR_DrawSkinFlex)
 <LI><a href="#[b1]">_DrawBitmap</a> from guidrv_template.o(.text) referenced from guidrv_template.o(.constdata)
 <LI><a href="#[cb]">_DrawBitmap</a> from GUIDEV_16.o(.text._DrawBitmap) referenced 2 times from GUIDEV_16.o(.rodata)
 <LI><a href="#[fa]">_DrawDown</a> from WIDGET_Effect_Simple.o(.text._DrawDown) referenced from WIDGET_Effect_Simple.o(.rodata)
 <LI><a href="#[fb]">_DrawDownRect</a> from WIDGET_Effect_Simple.o(.text._DrawDownRect) referenced from WIDGET_Effect_Simple.o(.rodata)
 <LI><a href="#[9c]">_DrawGraspH</a> from SCROLLBAR_SkinFlex.o(.text._DrawGraspH) referenced from SCROLLBAR_SkinFlex.o(.text.SCROLLBAR_DrawSkinFlex)
 <LI><a href="#[9a]">_DrawGraspV</a> from SCROLLBAR_SkinFlex.o(.text._DrawGraspV) referenced from SCROLLBAR_SkinFlex.o(.text.SCROLLBAR_DrawSkinFlex)
 <LI><a href="#[b2]">_DrawHLine</a> from guidrv_template.o(.text) referenced from guidrv_template.o(.constdata)
 <LI><a href="#[cc]">_DrawHLine</a> from GUIDEV_16.o(.text._DrawHLine) referenced 2 times from GUIDEV_16.o(.rodata)
 <LI><a href="#[f8]">_DrawUp</a> from WIDGET_Effect_Simple.o(.text._DrawUp) referenced from WIDGET_Effect_Simple.o(.rodata)
 <LI><a href="#[f9]">_DrawUpRect</a> from WIDGET_Effect_Simple.o(.text._DrawUpRect) referenced from WIDGET_Effect_Simple.o(.rodata)
 <LI><a href="#[b3]">_DrawVLine</a> from guidrv_template.o(.text) referenced from guidrv_template.o(.constdata)
 <LI><a href="#[cd]">_DrawVLine</a> from GUIDEV_16.o(.text._DrawVLine) referenced 2 times from GUIDEV_16.o(.rodata)
 <LI><a href="#[dc]">_Encode</a> from GUI_UC_EncodeNone.o(.text._Encode) referenced from GUI_UC_EncodeNone.o(.rodata)
 <LI><a href="#[b4]">_FillRect</a> from guidrv_template.o(.text) referenced from guidrv_template.o(.constdata)
 <LI><a href="#[ce]">_FillRect</a> from GUIDEV_16.o(.text._FillRect) referenced 2 times from GUIDEV_16.o(.rodata)
 <LI><a href="#[f6]">_GUI_USAGE_BM_Delete</a> from GUIDEV_UsageBM.o(.text._GUI_USAGE_BM_Delete) referenced from GUIDEV_UsageBM.o(.rodata)
 <LI><a href="#[12]">_GetBorderSize</a> from FRAMEWIN_Skin.o(.text._GetBorderSize) referenced 2 times from FRAMEWIN_Skin.o(.data)
 <LI><a href="#[d9]">_GetCharCode</a> from GUI_UC_EncodeNone.o(.text._GetCharCode) referenced from GUI_UC_EncodeNone.o(.rodata)
 <LI><a href="#[da]">_GetCharSize</a> from GUI_UC_EncodeNone.o(.text._GetCharSize) referenced from GUI_UC_EncodeNone.o(.rodata)
 <LI><a href="#[f]">_GetCharWrap</a> from GUI__Wrap.o(.text._GetCharWrap) referenced 2 times from GUI__Wrap.o(.data)
 <LI><a href="#[bb]">_GetDevData</a> from guidrv_template.o(.text) referenced from guidrv_template.o(.constdata)
 <LI><a href="#[d5]">_GetDevData</a> from GUIDEV_16.o(.text._GetDevData) referenced 2 times from GUIDEV_16.o(.rodata)
 <LI><a href="#[b9]">_GetDevFunc</a> from guidrv_template.o(.text) referenced from guidrv_template.o(.constdata)
 <LI><a href="#[d3]">_GetDevFunc</a> from GUIDEV_16.o(.text._GetDevFunc) referenced 2 times from GUIDEV_16.o(.rodata)
 <LI><a href="#[ba]">_GetDevProp</a> from guidrv_template.o(.text) referenced from guidrv_template.o(.constdata)
 <LI><a href="#[d4]">_GetDevProp</a> from GUIDEV_16.o(.text._GetDevProp) referenced 2 times from GUIDEV_16.o(.rodata)
 <LI><a href="#[e6]">_GetIndexMask_0</a> from GUICC_0.o(.text._GetIndexMask_0) referenced from GUICC_0.o(.rodata)
 <LI><a href="#[bf]">_GetIndexMask_M565</a> from GUICC_M565.o(.text._GetIndexMask_M565) referenced from GUICC_M565.o(.rodata)
 <LI><a href="#[e1]">_GetIndexMask_M8888I</a> from GUICC_M8888I.o(.text._GetIndexMask_M8888I) referenced from GUICC_M8888I.o(.rodata)
 <LI><a href="#[b5]">_GetPixelIndex</a> from guidrv_template.o(.text) referenced from guidrv_template.o(.constdata)
 <LI><a href="#[cf]">_GetPixelIndex</a> from GUIDEV_16.o(.text._GetPixelIndex) referenced 2 times from GUIDEV_16.o(.rodata)
 <LI><a href="#[bc]">_GetRect</a> from guidrv_template.o(.text) referenced from guidrv_template.o(.constdata)
 <LI><a href="#[d6]">_GetRect</a> from GUIDEV_16.o(.text._GetRect) referenced 2 times from GUIDEV_16.o(.rodata)
 <LI><a href="#[e]">_GetWordWrap</a> from GUI__Wrap.o(.text._GetWordWrap) referenced 2 times from GUI__Wrap.o(.data)
 <LI><a href="#[c1]">_Index2ColorBulk</a> from GUICC_M565.o(.text._Index2ColorBulk) referenced from GUICC_M565.o(.rodata)
 <LI><a href="#[e3]">_Index2ColorBulk_M8888I</a> from GUICC_M8888I.o(.text._Index2ColorBulk_M8888I) referenced from GUICC_M8888I.o(.rodata)
 <LI><a href="#[e5]">_Index2Color_0</a> from GUICC_0.o(.text._Index2Color_0) referenced from GUICC_0.o(.rodata)
 <LI><a href="#[82]">_Init</a> from guidrv_template.o(.text) referenced from guidrv_template.o(.text)
 <LI><a href="#[89]">_InvalidateNewItem</a> from GRAPH_DATA_YT.o(.text._InvalidateNewItem) referenced from GRAPH_DATA_YT.o(.text.GRAPH_DATA_YT_Create)
 <LI><a href="#[b]">_Log2VisBuffered</a> from GUI_CharLine.o(.text._Log2VisBuffered) referenced 2 times from GUI_CharLine.o(.data)
 <LI><a href="#[d7]">_MULTIBUF_Begin</a> from WM_MULTIBUF.o(.text._MULTIBUF_Begin) referenced from WM_MULTIBUF.o(.rodata)
 <LI><a href="#[d8]">_MULTIBUF_End</a> from WM_MULTIBUF.o(.text._MULTIBUF_End) referenced from WM_MULTIBUF.o(.rodata)
 <LI><a href="#[84]">_Off</a> from guidrv_template.o(.text) referenced from guidrv_template.o(.text)
 <LI><a href="#[83]">_On</a> from guidrv_template.o(.text) referenced from guidrv_template.o(.text)
 <LI><a href="#[8b]">_OnDelete</a> from GRAPH_DATA_YT.o(.text._OnDelete) referenced from GRAPH_DATA_YT.o(.text.GRAPH_DATA_YT_Create)
 <LI><a href="#[8d]">_OnExit</a> from GUI_Task.o(.text._OnExit) referenced from GUI_Task.o(.text.GUITASK_Init)
 <LI><a href="#[90]">_OnExit</a> from GUI_PID.o(.text._OnExit) referenced from GUI_PID.o(.text.GUI_PID_StoreState)
 <LI><a href="#[93]">_OnExit</a> from GUI_Timer.o(.text._OnExit) referenced from GUI_Timer.o(.text.GUI_TIMER_Create)
 <LI><a href="#[94]">_OnExit</a> from GUI_Core.o(.text._OnExit) referenced from GUI_Core.o(.text.GUI__Config)
 <LI><a href="#[97]">_OnExit</a> from GUI__Alpha.o(.text._OnExit) referenced from GUI__Alpha.o(.text.GUI__GetAlphaBuffer)
 <LI><a href="#[98]">_OnExit</a> from LCD_Color.o(.text._OnExit) referenced from LCD_Color.o(.text.LCD_InitColors)
 <LI><a href="#[a4]">_OnExit</a> from WM.o(.text._OnExit) referenced from WM.o(.text.WM_Init)
 <LI><a href="#[8a]">_OnPaint</a> from GRAPH_DATA_YT.o(.text._OnPaint) referenced from GRAPH_DATA_YT.o(.text.GRAPH_DATA_YT_Create)
 <LI><a href="#[8c]">_OnPaint</a> from GRAPH_SCALE.o(.text._OnPaint) referenced from GRAPH_SCALE.o(.text.GRAPH_SCALE_Create)
 <LI><a href="#[10]">_Paint</a> from FRAMEWIN_Skin.o(.text._Paint) referenced 4 times from FRAMEWIN_Skin.o(.data)
 <LI><a href="#[de]">_SetBkColor</a> from LCD.o(.text._SetBkColor) referenced from LCD.o(.rodata)
 <LI><a href="#[dd]">_SetColor</a> from LCD.o(.text._SetColor) referenced from LCD.o(.rodata)
 <LI><a href="#[df]">_SetDrawMode</a> from LCD.o(.text._SetDrawMode) referenced from LCD.o(.rodata)
 <LI><a href="#[85]">_SetLUTEntry</a> from guidrv_template.o(.text) referenced from guidrv_template.o(.text)
 <LI><a href="#[b8]">_SetOrg</a> from guidrv_template.o(.text) referenced from guidrv_template.o(.constdata)
 <LI><a href="#[d2]">_SetOrg</a> from GUIDEV_16.o(.text._SetOrg) referenced 2 times from GUIDEV_16.o(.rodata)
 <LI><a href="#[b6]">_SetPixelIndex</a> from guidrv_template.o(.text) referenced from guidrv_template.o(.constdata)
 <LI><a href="#[d0]">_SetPixelIndex</a> from GUIDEV_16.o(.text._SetPixelIndex) referenced 2 times from GUIDEV_16.o(.rodata)
 <LI><a href="#[81]">_SetSize</a> from guidrv_template.o(.text) referenced from guidrv_template.o(.text)
 <LI><a href="#[7f]">_SetVRAMAddr</a> from guidrv_template.o(.text) referenced from guidrv_template.o(.text)
 <LI><a href="#[80]">_SetVSize</a> from guidrv_template.o(.text) referenced from guidrv_template.o(.text)
 <LI><a href="#[b7]">_XorPixel</a> from guidrv_template.o(.text) referenced from guidrv_template.o(.constdata)
 <LI><a href="#[d1]">_XorPixel</a> from GUIDEV_16.o(.text._XorPixel) referenced 2 times from GUIDEV_16.o(.rodata)
 <LI><a href="#[7b]">__main</a> from entry.o(.ARM.Collect$$$$00000000) referenced from startup_stm32f40_41xxx.o(.text)
 <LI><a href="#[a3]">_cbBackWin</a> from WM.o(.text._cbBackWin) referenced from WM.o(.text.WM_Init)
 <LI><a href="#[79]">_cbDialog</a> from gui.o(.text) referenced from gui.o(.text)
 <LI><a href="#[a1]">_cbInvalidateOne</a> from WM_BringToTop.o(.text._cbInvalidateOne) referenced from WM_BringToTop.o(.text.WM_BringToTop)
 <LI><a href="#[a5]">_cbPaintMemDev</a> from WM.o(.text._cbPaintMemDev) referenced from WM.o(.text.WM__Paint)
 <LI><a href="#[a2]">_cbTimer</a> from WM_Timer.o(.text._cbTimer) referenced from WM_Timer.o(.text.WM_CreateTimer)
 <LI><a href="#[ad]">_snputc</a> from printfa.o(i._snputc) referenced from printfa.o(i.__0vsnprintf)
 <LI><a href="#[ac]">_sputc</a> from printfa.o(i._sputc) referenced from printfa.o(i.__0sprintf)
 <LI><a href="#[ab]">fputc</a> from usart.o(.text) referenced from printfa.o(i.__0printf)
 <LI><a href="#[5]">free</a> from malloc.o(i.free) referenced 2 times from cjson.o(.data)
 <LI><a href="#[5]">free</a> from malloc.o(i.free) referenced from cjson.o(.text)
 <LI><a href="#[107]">led0_task</a> from main.o(.text) referenced from main.o(.text)
 <LI><a href="#[75]">main</a> from main.o(.text) referenced from entry9a.o(.ARM.Collect$$$$0000000B)
 <LI><a href="#[4]">malloc</a> from malloc.o(i.malloc) referenced 2 times from cjson.o(.data)
 <LI><a href="#[4]">malloc</a> from malloc.o(i.malloc) referenced from cjson.o(.text)
 <LI><a href="#[6]">mem_init</a> from malloc.o(.text) referenced 2 times from malloc.o(.data)
 <LI><a href="#[7]">mem_perused</a> from malloc.o(.text) referenced 2 times from malloc.o(.data)
 <LI><a href="#[c]">memcpy</a> from memmove.o(.text) referenced 2 times from GUI__Private.o(.data)
 <LI><a href="#[d]">memset</a> from memseta.o(.text) referenced 2 times from GUI__Private.o(.data)
 <LI><a href="#[ff]">net_task</a> from main.o(.text) referenced from main.o(.text)
 <LI><a href="#[7c]">prvIdleTask</a> from tasks.o(.text) referenced from tasks.o(.text)
 <LI><a href="#[7e]">prvTaskExitError</a> from port.o(.text) referenced from port.o(.text)
 <LI><a href="#[7d]">prvTimerTask</a> from timers.o(.text) referenced from timers.o(.text)
 <LI><a href="#[109]">start_task</a> from main.o(.text) referenced from main.o(.text)
</UL>
<P>
<H3>
Global Symbols
</H3>
<P><STRONG><a name="[7b]"></a>__main</STRONG> (Thumb, 0 bytes, Stack size unknown bytes, entry.o(.ARM.Collect$$$$00000000))
<BR>[Address Reference Count : 1]<UL><LI> startup_stm32f40_41xxx.o(.text)
</UL>
<P><STRONG><a name="[4dd]"></a>_main_stk</STRONG> (Thumb, 0 bytes, Stack size unknown bytes, entry2.o(.ARM.Collect$$$$00000001))

<P><STRONG><a name="[fc]"></a>_main_scatterload</STRONG> (Thumb, 0 bytes, Stack size unknown bytes, entry5.o(.ARM.Collect$$$$00000004))
<BR><BR>[Calls]<UL><LI><a href="#[fd]">&gt;&gt;</a>&nbsp;&nbsp;&nbsp;__scatterload
</UL>

<P><STRONG><a name="[309]"></a>__main_after_scatterload</STRONG> (Thumb, 0 bytes, Stack size unknown bytes, entry5.o(.ARM.Collect$$$$00000004))
<BR><BR>[Called By]<UL><LI><a href="#[fd]">&gt;&gt;</a>&nbsp;&nbsp;&nbsp;__scatterload
</UL>

<P><STRONG><a name="[4de]"></a>_main_clock</STRONG> (Thumb, 0 bytes, Stack size unknown bytes, entry7b.o(.ARM.Collect$$$$00000008))

<P><STRONG><a name="[4df]"></a>_main_cpp_init</STRONG> (Thumb, 0 bytes, Stack size unknown bytes, entry8b.o(.ARM.Collect$$$$0000000A))

<P><STRONG><a name="[4e0]"></a>_main_init</STRONG> (Thumb, 0 bytes, Stack size unknown bytes, entry9a.o(.ARM.Collect$$$$0000000B))

<P><STRONG><a name="[4e1]"></a>__rt_final_cpp</STRONG> (Thumb, 0 bytes, Stack size unknown bytes, entry10a.o(.ARM.Collect$$$$0000000D))

<P><STRONG><a name="[4e2]"></a>__rt_final_exit</STRONG> (Thumb, 0 bytes, Stack size unknown bytes, entry11a.o(.ARM.Collect$$$$0000000F))

<P><STRONG><a name="[1f]"></a>SVC_Handler</STRONG> (Thumb, 28 bytes, Stack size 0 bytes, port.o(.emb_text))
<BR>[Address Reference Count : 1]<UL><LI> startup_stm32f40_41xxx.o(RESET)
</UL>
<P><STRONG><a name="[2d2]"></a>__asm___6_port_c_39a90d8d__prvStartFirstTask</STRONG> (Thumb, 28 bytes, Stack size 0 bytes, port.o(.emb_text))
<BR><BR>[Called By]<UL><LI><a href="#[2a7]">&gt;&gt;</a>&nbsp;&nbsp;&nbsp;xPortStartScheduler
</UL>

<P><STRONG><a name="[2d1]"></a>__asm___6_port_c_39a90d8d__prvEnableVFP</STRONG> (Thumb, 16 bytes, Stack size 0 bytes, port.o(.emb_text))
<BR><BR>[Called By]<UL><LI><a href="#[2a7]">&gt;&gt;</a>&nbsp;&nbsp;&nbsp;xPortStartScheduler
</UL>

<P><STRONG><a name="[21]"></a>PendSV_Handler</STRONG> (Thumb, 88 bytes, Stack size 0 bytes, port.o(.emb_text))
<BR><BR>[Stack]<UL><LI>Max Depth = 32<LI>Call Chain = PendSV_Handler &rArr; vTaskSwitchContext &rArr; __2printf
</UL>
<BR>[Calls]<UL><LI><a href="#[fe]">&gt;&gt;</a>&nbsp;&nbsp;&nbsp;vTaskSwitchContext
</UL>
<BR>[Address Reference Count : 1]<UL><LI> startup_stm32f40_41xxx.o(RESET)
</UL>
<P><STRONG><a name="[2d3]"></a>vPortGetIPSR</STRONG> (Thumb, 6 bytes, Stack size 0 bytes, port.o(.emb_text))
<BR><BR>[Called By]<UL><LI><a href="#[27c]">&gt;&gt;</a>&nbsp;&nbsp;&nbsp;vPortValidateInterruptPriority
</UL>

<P><STRONG><a name="[ff]"></a>net_task</STRONG> (Thumb, 138 bytes, Stack size 16 bytes, main.o(.text))
<BR><BR>[Stack]<UL><LI>Max Depth = 416<LI>Call Chain = net_task &rArr; OneNet_Publish &rArr; UsartPrintf &rArr; vsnprintf
</UL>
<BR>[Calls]<UL><LI><a href="#[101]">&gt;&gt;</a>&nbsp;&nbsp;&nbsp;__aeabi_i2d
<LI><a href="#[102]">&gt;&gt;</a>&nbsp;&nbsp;&nbsp;__aeabi_dmul
<LI><a href="#[103]">&gt;&gt;</a>&nbsp;&nbsp;&nbsp;__aeabi_d2iz
<LI><a href="#[105]">&gt;&gt;</a>&nbsp;&nbsp;&nbsp;OneNet_Publish
<LI><a href="#[106]">&gt;&gt;</a>&nbsp;&nbsp;&nbsp;OneNet_Ping
<LI><a href="#[100]">&gt;&gt;</a>&nbsp;&nbsp;&nbsp;DS18B20_Get_Temp
<LI><a href="#[104]">&gt;&gt;</a>&nbsp;&nbsp;&nbsp;__2sprintf
</UL>
<BR>[Address Reference Count : 1]<UL><LI> main.o(.text)
</UL>
<P><STRONG><a name="[107]"></a>led0_task</STRONG> (Thumb, 28 bytes, Stack size 0 bytes, main.o(.text))
<BR><BR>[Stack]<UL><LI>Max Depth = 80<LI>Call Chain = led0_task &rArr; vTaskDelay &rArr; xTaskResumeAll &rArr; xTaskIncrementTick &rArr; __2printf
</UL>
<BR>[Calls]<UL><LI><a href="#[108]">&gt;&gt;</a>&nbsp;&nbsp;&nbsp;vTaskDelay
</UL>
<BR>[Address Reference Count : 1]<UL><LI> main.o(.text)
</UL>
<P><STRONG><a name="[109]"></a>start_task</STRONG> (Thumb, 92 bytes, Stack size 16 bytes, main.o(.text))
<BR><BR>[Stack]<UL><LI>Max Depth = 224 + Unknown Stack Size
<LI>Call Chain = start_task &rArr; GUI_Init &rArr; GUI__Config &rArr; GUITASK_Init &rArr; GUI_X_InitOS &rArr; xQueueCreateMutex &rArr; prvInitialiseMutex &rArr; xQueueGenericSend &rArr; prvUnlockQueue &rArr; prvNotifyQueueSetContainer &rArr; prvCopyDataToQueue &rArr; xTaskPriorityDisinherit &rArr; __2printf
</UL>
<BR>[Calls]<UL><LI><a href="#[10f]">&gt;&gt;</a>&nbsp;&nbsp;&nbsp;xTaskCreate
<LI><a href="#[110]">&gt;&gt;</a>&nbsp;&nbsp;&nbsp;vTaskDelete
<LI><a href="#[111]">&gt;&gt;</a>&nbsp;&nbsp;&nbsp;vPortExitCritical
<LI><a href="#[10e]">&gt;&gt;</a>&nbsp;&nbsp;&nbsp;vPortEnterCritical
<LI><a href="#[10b]">&gt;&gt;</a>&nbsp;&nbsp;&nbsp;WM_SetCreateFlags
<LI><a href="#[10d]">&gt;&gt;</a>&nbsp;&nbsp;&nbsp;WM_MULTIBUF_Enable
<LI><a href="#[10a]">&gt;&gt;</a>&nbsp;&nbsp;&nbsp;RCC_AHB1PeriphClockCmd
<LI><a href="#[10c]">&gt;&gt;</a>&nbsp;&nbsp;&nbsp;GUI_Init
</UL>
<BR>[Address Reference Count : 1]<UL><LI> main.o(.text)
</UL>
<P><STRONG><a name="[75]"></a>main</STRONG> (Thumb, 160 bytes, Stack size 16 bytes, main.o(.text))
<BR><BR>[Stack]<UL><LI>Max Depth = 440<LI>Call Chain = main &rArr; OneNet_DevLink &rArr; ESP8266_GetIPD &rArr; UsartPrintf &rArr; vsnprintf
</UL>
<BR>[Calls]<UL><LI><a href="#[10f]">&gt;&gt;</a>&nbsp;&nbsp;&nbsp;xTaskCreate
<LI><a href="#[11f]">&gt;&gt;</a>&nbsp;&nbsp;&nbsp;vTaskStartScheduler
<LI><a href="#[115]">&gt;&gt;</a>&nbsp;&nbsp;&nbsp;usart3_init
<LI><a href="#[114]">&gt;&gt;</a>&nbsp;&nbsp;&nbsp;usart1_init
<LI><a href="#[6]">&gt;&gt;</a>&nbsp;&nbsp;&nbsp;mem_init
<LI><a href="#[11c]">&gt;&gt;</a>&nbsp;&nbsp;&nbsp;delay_ms
<LI><a href="#[112]">&gt;&gt;</a>&nbsp;&nbsp;&nbsp;delay_init
<LI><a href="#[11a]">&gt;&gt;</a>&nbsp;&nbsp;&nbsp;UsartPrintf
<LI><a href="#[1]">&gt;&gt;</a>&nbsp;&nbsp;&nbsp;TP_Init
<LI><a href="#[116]">&gt;&gt;</a>&nbsp;&nbsp;&nbsp;TFTLCD_Init
<LI><a href="#[11e]">&gt;&gt;</a>&nbsp;&nbsp;&nbsp;OneNet_Subscribe
<LI><a href="#[11d]">&gt;&gt;</a>&nbsp;&nbsp;&nbsp;OneNet_DevLink
<LI><a href="#[113]">&gt;&gt;</a>&nbsp;&nbsp;&nbsp;NVIC_PriorityGroupConfig
<LI><a href="#[117]">&gt;&gt;</a>&nbsp;&nbsp;&nbsp;LED_Init
<LI><a href="#[119]">&gt;&gt;</a>&nbsp;&nbsp;&nbsp;FSMC_SRAM_Init
<LI><a href="#[11b]">&gt;&gt;</a>&nbsp;&nbsp;&nbsp;ESP8266_Init
<LI><a href="#[118]">&gt;&gt;</a>&nbsp;&nbsp;&nbsp;DS18B20_Init
</UL>
<BR>[Address Reference Count : 1]<UL><LI> entry9a.o(.ARM.Collect$$$$0000000B)
</UL>
<P><STRONG><a name="[120]"></a>emwindemo_task</STRONG> (Thumb, 14 bytes, Stack size 0 bytes, main.o(.text), UNUSED)
<BR><BR>[Calls]<UL><LI><a href="#[10d]">&gt;&gt;</a>&nbsp;&nbsp;&nbsp;WM_MULTIBUF_Enable
<LI><a href="#[121]">&gt;&gt;</a>&nbsp;&nbsp;&nbsp;MainTask
</UL>

<P><STRONG><a name="[122]"></a>touch_task</STRONG> (Thumb, 14 bytes, Stack size 0 bytes, main.o(.text), UNUSED)
<BR><BR>[Calls]<UL><LI><a href="#[108]">&gt;&gt;</a>&nbsp;&nbsp;&nbsp;vTaskDelay
<LI><a href="#[123]">&gt;&gt;</a>&nbsp;&nbsp;&nbsp;GUI_TOUCH_Exec
</UL>

<P><STRONG><a name="[1a]"></a>NMI_Handler</STRONG> (Thumb, 2 bytes, Stack size 0 bytes, stm32f4xx_it.o(.text))
<BR>[Address Reference Count : 1]<UL><LI> startup_stm32f40_41xxx.o(RESET)
</UL>
<P><STRONG><a name="[1b]"></a>HardFault_Handler</STRONG> (Thumb, 4 bytes, Stack size 0 bytes, stm32f4xx_it.o(.text))
<BR>[Address Reference Count : 1]<UL><LI> startup_stm32f40_41xxx.o(RESET)
</UL>
<P><STRONG><a name="[1c]"></a>MemManage_Handler</STRONG> (Thumb, 4 bytes, Stack size 0 bytes, stm32f4xx_it.o(.text))
<BR>[Address Reference Count : 1]<UL><LI> startup_stm32f40_41xxx.o(RESET)
</UL>
<P><STRONG><a name="[1d]"></a>BusFault_Handler</STRONG> (Thumb, 4 bytes, Stack size 0 bytes, stm32f4xx_it.o(.text))
<BR>[Address Reference Count : 1]<UL><LI> startup_stm32f40_41xxx.o(RESET)
</UL>
<P><STRONG><a name="[1e]"></a>UsageFault_Handler</STRONG> (Thumb, 4 bytes, Stack size 0 bytes, stm32f4xx_it.o(.text))
<BR>[Address Reference Count : 1]<UL><LI> startup_stm32f40_41xxx.o(RESET)
</UL>
<P><STRONG><a name="[20]"></a>DebugMon_Handler</STRONG> (Thumb, 2 bytes, Stack size 0 bytes, stm32f4xx_it.o(.text))
<BR>[Address Reference Count : 1]<UL><LI> startup_stm32f40_41xxx.o(RESET)
</UL>
<P><STRONG><a name="[7a]"></a>SystemInit</STRONG> (Thumb, 88 bytes, Stack size 8 bytes, system_stm32f4xx.o(.text))
<BR><BR>[Stack]<UL><LI>Max Depth = 20<LI>Call Chain = SystemInit &rArr; SetSysClock
</UL>
<BR>[Calls]<UL><LI><a href="#[124]">&gt;&gt;</a>&nbsp;&nbsp;&nbsp;SetSysClock
</UL>
<BR>[Address Reference Count : 1]<UL><LI> startup_stm32f40_41xxx.o(.text)
</UL>
<P><STRONG><a name="[4e3]"></a>SystemCoreClockUpdate</STRONG> (Thumb, 174 bytes, Stack size 16 bytes, system_stm32f4xx.o(.text), UNUSED)

<P><STRONG><a name="[117]"></a>LED_Init</STRONG> (Thumb, 58 bytes, Stack size 16 bytes, led.o(.text))
<BR><BR>[Stack]<UL><LI>Max Depth = 36<LI>Call Chain = LED_Init &rArr; GPIO_Init
</UL>
<BR>[Calls]<UL><LI><a href="#[126]">&gt;&gt;</a>&nbsp;&nbsp;&nbsp;GPIO_SetBits
<LI><a href="#[125]">&gt;&gt;</a>&nbsp;&nbsp;&nbsp;GPIO_Init
<LI><a href="#[10a]">&gt;&gt;</a>&nbsp;&nbsp;&nbsp;RCC_AHB1PeriphClockCmd
</UL>
<BR>[Called By]<UL><LI><a href="#[75]">&gt;&gt;</a>&nbsp;&nbsp;&nbsp;main
</UL>

<P><STRONG><a name="[128]"></a>LCD_WR_REG</STRONG> (Thumb, 18 bytes, Stack size 8 bytes, ili93xx.o(.text))
<BR><BR>[Stack]<UL><LI>Max Depth = 8<LI>Call Chain = LCD_WR_REG
</UL>
<BR>[Called By]<UL><LI><a href="#[13b]">&gt;&gt;</a>&nbsp;&nbsp;&nbsp;LCD_Set_Window
<LI><a href="#[137]">&gt;&gt;</a>&nbsp;&nbsp;&nbsp;LCD_SSD_BackLightSet
<LI><a href="#[136]">&gt;&gt;</a>&nbsp;&nbsp;&nbsp;LCD_Fast_DrawPoint
<LI><a href="#[133]">&gt;&gt;</a>&nbsp;&nbsp;&nbsp;LCD_Scan_Dir
<LI><a href="#[132]">&gt;&gt;</a>&nbsp;&nbsp;&nbsp;LCD_DisplayOff
<LI><a href="#[131]">&gt;&gt;</a>&nbsp;&nbsp;&nbsp;LCD_DisplayOn
<LI><a href="#[12e]">&gt;&gt;</a>&nbsp;&nbsp;&nbsp;LCD_ReadPoint
<LI><a href="#[12b]">&gt;&gt;</a>&nbsp;&nbsp;&nbsp;LCD_SetCursor
<LI><a href="#[127]">&gt;&gt;</a>&nbsp;&nbsp;&nbsp;LCD_ReadReg
<LI><a href="#[116]">&gt;&gt;</a>&nbsp;&nbsp;&nbsp;TFTLCD_Init
</UL>

<P><STRONG><a name="[12c]"></a>LCD_WR_DATA</STRONG> (Thumb, 20 bytes, Stack size 8 bytes, ili93xx.o(.text))
<BR><BR>[Stack]<UL><LI>Max Depth = 8<LI>Call Chain = LCD_WR_DATA
</UL>
<BR>[Called By]<UL><LI><a href="#[13b]">&gt;&gt;</a>&nbsp;&nbsp;&nbsp;LCD_Set_Window
<LI><a href="#[137]">&gt;&gt;</a>&nbsp;&nbsp;&nbsp;LCD_SSD_BackLightSet
<LI><a href="#[136]">&gt;&gt;</a>&nbsp;&nbsp;&nbsp;LCD_Fast_DrawPoint
<LI><a href="#[133]">&gt;&gt;</a>&nbsp;&nbsp;&nbsp;LCD_Scan_Dir
<LI><a href="#[12b]">&gt;&gt;</a>&nbsp;&nbsp;&nbsp;LCD_SetCursor
<LI><a href="#[116]">&gt;&gt;</a>&nbsp;&nbsp;&nbsp;TFTLCD_Init
</UL>

<P><STRONG><a name="[12a]"></a>LCD_RD_DATA</STRONG> (Thumb, 16 bytes, Stack size 8 bytes, ili93xx.o(.text))
<BR><BR>[Stack]<UL><LI>Max Depth = 8<LI>Call Chain = LCD_RD_DATA
</UL>
<BR>[Called By]<UL><LI><a href="#[12e]">&gt;&gt;</a>&nbsp;&nbsp;&nbsp;LCD_ReadPoint
<LI><a href="#[127]">&gt;&gt;</a>&nbsp;&nbsp;&nbsp;LCD_ReadReg
<LI><a href="#[116]">&gt;&gt;</a>&nbsp;&nbsp;&nbsp;TFTLCD_Init
</UL>

<P><STRONG><a name="[12d]"></a>LCD_WriteReg</STRONG> (Thumb, 24 bytes, Stack size 12 bytes, ili93xx.o(.text))
<BR><BR>[Stack]<UL><LI>Max Depth = 12<LI>Call Chain = LCD_WriteReg
</UL>
<BR>[Called By]<UL><LI><a href="#[13b]">&gt;&gt;</a>&nbsp;&nbsp;&nbsp;LCD_Set_Window
<LI><a href="#[136]">&gt;&gt;</a>&nbsp;&nbsp;&nbsp;LCD_Fast_DrawPoint
<LI><a href="#[133]">&gt;&gt;</a>&nbsp;&nbsp;&nbsp;LCD_Scan_Dir
<LI><a href="#[132]">&gt;&gt;</a>&nbsp;&nbsp;&nbsp;LCD_DisplayOff
<LI><a href="#[131]">&gt;&gt;</a>&nbsp;&nbsp;&nbsp;LCD_DisplayOn
<LI><a href="#[12b]">&gt;&gt;</a>&nbsp;&nbsp;&nbsp;LCD_SetCursor
<LI><a href="#[116]">&gt;&gt;</a>&nbsp;&nbsp;&nbsp;TFTLCD_Init
</UL>

<P><STRONG><a name="[127]"></a>LCD_ReadReg</STRONG> (Thumb, 22 bytes, Stack size 8 bytes, ili93xx.o(.text))
<BR><BR>[Stack]<UL><LI>Max Depth = 24<LI>Call Chain = LCD_ReadReg &rArr; delay_us
</UL>
<BR>[Calls]<UL><LI><a href="#[129]">&gt;&gt;</a>&nbsp;&nbsp;&nbsp;delay_us
<LI><a href="#[12a]">&gt;&gt;</a>&nbsp;&nbsp;&nbsp;LCD_RD_DATA
<LI><a href="#[128]">&gt;&gt;</a>&nbsp;&nbsp;&nbsp;LCD_WR_REG
</UL>
<BR>[Called By]<UL><LI><a href="#[116]">&gt;&gt;</a>&nbsp;&nbsp;&nbsp;TFTLCD_Init
</UL>

<P><STRONG><a name="[135]"></a>LCD_WriteRAM_Prepare</STRONG> (Thumb, 10 bytes, Stack size 0 bytes, ili93xx.o(.text))
<BR><BR>[Called By]<UL><LI><a href="#[143]">&gt;&gt;</a>&nbsp;&nbsp;&nbsp;LCD_Color_Fill
<LI><a href="#[142]">&gt;&gt;</a>&nbsp;&nbsp;&nbsp;LCD_Fill
<LI><a href="#[13c]">&gt;&gt;</a>&nbsp;&nbsp;&nbsp;LCD_Clear
<LI><a href="#[134]">&gt;&gt;</a>&nbsp;&nbsp;&nbsp;LCD_DrawPoint
</UL>

<P><STRONG><a name="[4e4]"></a>LCD_WriteRAM</STRONG> (Thumb, 8 bytes, Stack size 0 bytes, ili93xx.o(.text), UNUSED)

<P><STRONG><a name="[130]"></a>LCD_BGR2RGB</STRONG> (Thumb, 26 bytes, Stack size 12 bytes, ili93xx.o(.text))
<BR><BR>[Stack]<UL><LI>Max Depth = 12<LI>Call Chain = LCD_BGR2RGB
</UL>
<BR>[Called By]<UL><LI><a href="#[12e]">&gt;&gt;</a>&nbsp;&nbsp;&nbsp;LCD_ReadPoint
</UL>

<P><STRONG><a name="[12f]"></a>opt_delay</STRONG> (Thumb, 14 bytes, Stack size 0 bytes, ili93xx.o(.text))
<BR><BR>[Called By]<UL><LI><a href="#[12e]">&gt;&gt;</a>&nbsp;&nbsp;&nbsp;LCD_ReadPoint
</UL>

<P><STRONG><a name="[12b]"></a>LCD_SetCursor</STRONG> (Thumb, 418 bytes, Stack size 12 bytes, ili93xx.o(.text))
<BR><BR>[Stack]<UL><LI>Max Depth = 24<LI>Call Chain = LCD_SetCursor &rArr; LCD_WriteReg
</UL>
<BR>[Calls]<UL><LI><a href="#[12d]">&gt;&gt;</a>&nbsp;&nbsp;&nbsp;LCD_WriteReg
<LI><a href="#[12c]">&gt;&gt;</a>&nbsp;&nbsp;&nbsp;LCD_WR_DATA
<LI><a href="#[128]">&gt;&gt;</a>&nbsp;&nbsp;&nbsp;LCD_WR_REG
</UL>
<BR>[Called By]<UL><LI><a href="#[143]">&gt;&gt;</a>&nbsp;&nbsp;&nbsp;LCD_Color_Fill
<LI><a href="#[142]">&gt;&gt;</a>&nbsp;&nbsp;&nbsp;LCD_Fill
<LI><a href="#[13c]">&gt;&gt;</a>&nbsp;&nbsp;&nbsp;LCD_Clear
<LI><a href="#[13b]">&gt;&gt;</a>&nbsp;&nbsp;&nbsp;LCD_Set_Window
<LI><a href="#[134]">&gt;&gt;</a>&nbsp;&nbsp;&nbsp;LCD_DrawPoint
<LI><a href="#[12e]">&gt;&gt;</a>&nbsp;&nbsp;&nbsp;LCD_ReadPoint
<LI><a href="#[2ec]">&gt;&gt;</a>&nbsp;&nbsp;&nbsp;_DrawBitLine16BPP
</UL>

<P><STRONG><a name="[12e]"></a>LCD_ReadPoint</STRONG> (Thumb, 388 bytes, Stack size 24 bytes, ili93xx.o(.text))
<BR><BR>[Stack]<UL><LI>Max Depth = 48<LI>Call Chain = LCD_ReadPoint &rArr; LCD_SetCursor &rArr; LCD_WriteReg
</UL>
<BR>[Calls]<UL><LI><a href="#[12b]">&gt;&gt;</a>&nbsp;&nbsp;&nbsp;LCD_SetCursor
<LI><a href="#[12f]">&gt;&gt;</a>&nbsp;&nbsp;&nbsp;opt_delay
<LI><a href="#[130]">&gt;&gt;</a>&nbsp;&nbsp;&nbsp;LCD_BGR2RGB
<LI><a href="#[12a]">&gt;&gt;</a>&nbsp;&nbsp;&nbsp;LCD_RD_DATA
<LI><a href="#[128]">&gt;&gt;</a>&nbsp;&nbsp;&nbsp;LCD_WR_REG
</UL>
<BR>[Called By]<UL><LI><a href="#[b5]">&gt;&gt;</a>&nbsp;&nbsp;&nbsp;_GetPixelIndex
</UL>

<P><STRONG><a name="[131]"></a>LCD_DisplayOn</STRONG> (Thumb, 102 bytes, Stack size 4 bytes, ili93xx.o(.text), UNUSED)
<BR><BR>[Calls]<UL><LI><a href="#[12d]">&gt;&gt;</a>&nbsp;&nbsp;&nbsp;LCD_WriteReg
<LI><a href="#[128]">&gt;&gt;</a>&nbsp;&nbsp;&nbsp;LCD_WR_REG
</UL>

<P><STRONG><a name="[132]"></a>LCD_DisplayOff</STRONG> (Thumb, 90 bytes, Stack size 4 bytes, ili93xx.o(.text), UNUSED)
<BR><BR>[Calls]<UL><LI><a href="#[12d]">&gt;&gt;</a>&nbsp;&nbsp;&nbsp;LCD_WriteReg
<LI><a href="#[128]">&gt;&gt;</a>&nbsp;&nbsp;&nbsp;LCD_WR_REG
</UL>

<P><STRONG><a name="[133]"></a>LCD_Scan_Dir</STRONG> (Thumb, 744 bytes, Stack size 20 bytes, ili93xx.o(.text))
<BR><BR>[Stack]<UL><LI>Max Depth = 32<LI>Call Chain = LCD_Scan_Dir &rArr; LCD_WriteReg
</UL>
<BR>[Calls]<UL><LI><a href="#[12d]">&gt;&gt;</a>&nbsp;&nbsp;&nbsp;LCD_WriteReg
<LI><a href="#[12c]">&gt;&gt;</a>&nbsp;&nbsp;&nbsp;LCD_WR_DATA
<LI><a href="#[128]">&gt;&gt;</a>&nbsp;&nbsp;&nbsp;LCD_WR_REG
</UL>
<BR>[Called By]<UL><LI><a href="#[13a]">&gt;&gt;</a>&nbsp;&nbsp;&nbsp;LCD_Display_Dir
</UL>

<P><STRONG><a name="[134]"></a>LCD_DrawPoint</STRONG> (Thumb, 28 bytes, Stack size 12 bytes, ili93xx.o(.text))
<BR><BR>[Stack]<UL><LI>Max Depth = 36<LI>Call Chain = LCD_DrawPoint &rArr; LCD_SetCursor &rArr; LCD_WriteReg
</UL>
<BR>[Calls]<UL><LI><a href="#[12b]">&gt;&gt;</a>&nbsp;&nbsp;&nbsp;LCD_SetCursor
<LI><a href="#[135]">&gt;&gt;</a>&nbsp;&nbsp;&nbsp;LCD_WriteRAM_Prepare
</UL>
<BR>[Called By]<UL><LI><a href="#[174]">&gt;&gt;</a>&nbsp;&nbsp;&nbsp;TP_Draw_Big_Point
<LI><a href="#[173]">&gt;&gt;</a>&nbsp;&nbsp;&nbsp;TP_Drow_Touch_Point
<LI><a href="#[146]">&gt;&gt;</a>&nbsp;&nbsp;&nbsp;LCD_Draw_Circle
<LI><a href="#[144]">&gt;&gt;</a>&nbsp;&nbsp;&nbsp;LCD_DrawLine
</UL>

<P><STRONG><a name="[136]"></a>LCD_Fast_DrawPoint</STRONG> (Thumb, 388 bytes, Stack size 16 bytes, ili93xx.o(.text))
<BR><BR>[Stack]<UL><LI>Max Depth = 28<LI>Call Chain = LCD_Fast_DrawPoint &rArr; LCD_WriteReg
</UL>
<BR>[Calls]<UL><LI><a href="#[12d]">&gt;&gt;</a>&nbsp;&nbsp;&nbsp;LCD_WriteReg
<LI><a href="#[12c]">&gt;&gt;</a>&nbsp;&nbsp;&nbsp;LCD_WR_DATA
<LI><a href="#[128]">&gt;&gt;</a>&nbsp;&nbsp;&nbsp;LCD_WR_REG
</UL>
<BR>[Called By]<UL><LI><a href="#[147]">&gt;&gt;</a>&nbsp;&nbsp;&nbsp;LCD_ShowChar
<LI><a href="#[b6]">&gt;&gt;</a>&nbsp;&nbsp;&nbsp;_SetPixelIndex
</UL>

<P><STRONG><a name="[137]"></a>LCD_SSD_BackLightSet</STRONG> (Thumb, 88 bytes, Stack size 32 bytes, ili93xx.o(.text))
<BR><BR>[Stack]<UL><LI>Max Depth = 120<LI>Call Chain = LCD_SSD_BackLightSet &rArr; __aeabi_dmul &rArr; _double_epilogue &rArr; _double_round
</UL>
<BR>[Calls]<UL><LI><a href="#[138]">&gt;&gt;</a>&nbsp;&nbsp;&nbsp;__aeabi_ui2d
<LI><a href="#[139]">&gt;&gt;</a>&nbsp;&nbsp;&nbsp;__aeabi_d2uiz
<LI><a href="#[12c]">&gt;&gt;</a>&nbsp;&nbsp;&nbsp;LCD_WR_DATA
<LI><a href="#[128]">&gt;&gt;</a>&nbsp;&nbsp;&nbsp;LCD_WR_REG
<LI><a href="#[102]">&gt;&gt;</a>&nbsp;&nbsp;&nbsp;__aeabi_dmul
</UL>
<BR>[Called By]<UL><LI><a href="#[116]">&gt;&gt;</a>&nbsp;&nbsp;&nbsp;TFTLCD_Init
</UL>

<P><STRONG><a name="[13a]"></a>LCD_Display_Dir</STRONG> (Thumb, 444 bytes, Stack size 8 bytes, ili93xx.o(.text))
<BR><BR>[Stack]<UL><LI>Max Depth = 40<LI>Call Chain = LCD_Display_Dir &rArr; LCD_Scan_Dir &rArr; LCD_WriteReg
</UL>
<BR>[Calls]<UL><LI><a href="#[133]">&gt;&gt;</a>&nbsp;&nbsp;&nbsp;LCD_Scan_Dir
</UL>
<BR>[Called By]<UL><LI><a href="#[116]">&gt;&gt;</a>&nbsp;&nbsp;&nbsp;TFTLCD_Init
</UL>

<P><STRONG><a name="[13b]"></a>LCD_Set_Window</STRONG> (Thumb, 546 bytes, Stack size 60 bytes, ili93xx.o(.text), UNUSED)
<BR><BR>[Calls]<UL><LI><a href="#[12b]">&gt;&gt;</a>&nbsp;&nbsp;&nbsp;LCD_SetCursor
<LI><a href="#[12d]">&gt;&gt;</a>&nbsp;&nbsp;&nbsp;LCD_WriteReg
<LI><a href="#[12c]">&gt;&gt;</a>&nbsp;&nbsp;&nbsp;LCD_WR_DATA
<LI><a href="#[128]">&gt;&gt;</a>&nbsp;&nbsp;&nbsp;LCD_WR_REG
</UL>

<P><STRONG><a name="[13c]"></a>LCD_Clear</STRONG> (Thumb, 100 bytes, Stack size 16 bytes, ili93xx.o(.text))
<BR><BR>[Stack]<UL><LI>Max Depth = 40<LI>Call Chain = LCD_Clear &rArr; LCD_SetCursor &rArr; LCD_WriteReg
</UL>
<BR>[Calls]<UL><LI><a href="#[12b]">&gt;&gt;</a>&nbsp;&nbsp;&nbsp;LCD_SetCursor
<LI><a href="#[135]">&gt;&gt;</a>&nbsp;&nbsp;&nbsp;LCD_WriteRAM_Prepare
</UL>
<BR>[Called By]<UL><LI><a href="#[3]">&gt;&gt;</a>&nbsp;&nbsp;&nbsp;TP_Adjust
<LI><a href="#[1]">&gt;&gt;</a>&nbsp;&nbsp;&nbsp;TP_Init
<LI><a href="#[116]">&gt;&gt;</a>&nbsp;&nbsp;&nbsp;TFTLCD_Init
</UL>

<P><STRONG><a name="[116]"></a>TFTLCD_Init</STRONG> (Thumb, 14696 bytes, Stack size 136 bytes, ili93xx.o(.text))
<BR><BR>[Stack]<UL><LI>Max Depth = 256<LI>Call Chain = TFTLCD_Init &rArr; LCD_SSD_BackLightSet &rArr; __aeabi_dmul &rArr; _double_epilogue &rArr; _double_round
</UL>
<BR>[Calls]<UL><LI><a href="#[129]">&gt;&gt;</a>&nbsp;&nbsp;&nbsp;delay_us
<LI><a href="#[13d]">&gt;&gt;</a>&nbsp;&nbsp;&nbsp;RCC_AHB3PeriphClockCmd
<LI><a href="#[13e]">&gt;&gt;</a>&nbsp;&nbsp;&nbsp;GPIO_PinAFConfig
<LI><a href="#[13f]">&gt;&gt;</a>&nbsp;&nbsp;&nbsp;FSMC_NORSRAMInit
<LI><a href="#[140]">&gt;&gt;</a>&nbsp;&nbsp;&nbsp;FSMC_NORSRAMCmd
<LI><a href="#[13c]">&gt;&gt;</a>&nbsp;&nbsp;&nbsp;LCD_Clear
<LI><a href="#[13a]">&gt;&gt;</a>&nbsp;&nbsp;&nbsp;LCD_Display_Dir
<LI><a href="#[137]">&gt;&gt;</a>&nbsp;&nbsp;&nbsp;LCD_SSD_BackLightSet
<LI><a href="#[127]">&gt;&gt;</a>&nbsp;&nbsp;&nbsp;LCD_ReadReg
<LI><a href="#[12d]">&gt;&gt;</a>&nbsp;&nbsp;&nbsp;LCD_WriteReg
<LI><a href="#[12a]">&gt;&gt;</a>&nbsp;&nbsp;&nbsp;LCD_RD_DATA
<LI><a href="#[12c]">&gt;&gt;</a>&nbsp;&nbsp;&nbsp;LCD_WR_DATA
<LI><a href="#[128]">&gt;&gt;</a>&nbsp;&nbsp;&nbsp;LCD_WR_REG
<LI><a href="#[125]">&gt;&gt;</a>&nbsp;&nbsp;&nbsp;GPIO_Init
<LI><a href="#[11c]">&gt;&gt;</a>&nbsp;&nbsp;&nbsp;delay_ms
<LI><a href="#[10a]">&gt;&gt;</a>&nbsp;&nbsp;&nbsp;RCC_AHB1PeriphClockCmd
<LI><a href="#[141]">&gt;&gt;</a>&nbsp;&nbsp;&nbsp;__2printf
</UL>
<BR>[Called By]<UL><LI><a href="#[75]">&gt;&gt;</a>&nbsp;&nbsp;&nbsp;main
</UL>

[...]
<BR><BR>[Stack]<UL><LI>Max Depth = 176 + Unknown Stack Size
<LI>Call Chain = _GUI_USAGE_BM_Delete &rArr; GUI_ALLOC_Free &rArr; GUI_Unlock &rArr; GUI_X_Unlock &rArr; xQueueGenericSend &rArr; prvUnlockQueue &rArr; prvNotifyQueueSetContainer &rArr; prvCopyDataToQueue &rArr; xTaskPriorityDisinherit &rArr; __2printf
</UL>
<BR>[Calls]<UL><LI><a href="#[35e]">&gt;&gt;</a>&nbsp;&nbsp;&nbsp;GUI_ALLOC_Free
</UL>
<BR>[Address Reference Count : 1]<UL><LI> GUIDEV_UsageBM.o(.rodata)
</UL>
<P><STRONG><a name="[f5]"></a>GUI_USAGE_BM_Clear</STRONG> (Thumb, 16 bytes, Stack size unknown bytes, GUIDEV_UsageBM.o(.text.GUI_USAGE_BM_Clear))
<BR><BR>[Stack]<UL><LI>Max Depth = 8 + Unknown Stack Size
<LI>Call Chain = GUI_USAGE_BM_Clear &rArr; memset
</UL>
<BR>[Calls]<UL><LI><a href="#[d]">&gt;&gt;</a>&nbsp;&nbsp;&nbsp;memset
</UL>
<BR>[Address Reference Count : 1]<UL><LI> GUIDEV_UsageBM.o(.rodata)
</UL>
<P><STRONG><a name="[f4]"></a>GUI_USAGE_BM_AddHLine</STRONG> (Thumb, 120 bytes, Stack size unknown bytes, GUIDEV_UsageBM.o(.text.GUI_USAGE_BM_AddHLine))
<BR><BR>[Stack]<UL><LI>Max Depth = 8 + Unknown Stack Size
<LI>Call Chain = GUI_USAGE_BM_AddHLine &rArr; memset
</UL>
<BR>[Calls]<UL><LI><a href="#[d]">&gt;&gt;</a>&nbsp;&nbsp;&nbsp;memset
</UL>
<BR>[Address Reference Count : 1]<UL><LI> GUIDEV_UsageBM.o(.rodata)
</UL>
<P><STRONG><a name="[496]"></a>_Screen2hWin</STRONG> (Thumb, 96 bytes, Stack size unknown bytes, WM_Screen2Win.o(.text._Screen2hWin))
<BR><BR>[Calls]<UL><LI><a href="#[30c]">&gt;&gt;</a>&nbsp;&nbsp;&nbsp;GUI_ALLOC_UnlockH
<LI><a href="#[30b]">&gt;&gt;</a>&nbsp;&nbsp;&nbsp;GUI_ALLOC_LockH
<LI><a href="#[37d]">&gt;&gt;</a>&nbsp;&nbsp;&nbsp;GUI_ALLOC_h2p
<LI><a href="#[4c8]">&gt;&gt;</a>&nbsp;&nbsp;&nbsp;WM__IsInWindow
<LI><a href="#[496]">&gt;&gt;</a>&nbsp;&nbsp;&nbsp;_Screen2hWin
</UL>
<BR>[Called By]<UL><LI><a href="#[480]">&gt;&gt;</a>&nbsp;&nbsp;&nbsp;WM_Screen2hWin
<LI><a href="#[496]">&gt;&gt;</a>&nbsp;&nbsp;&nbsp;_Screen2hWin
</UL>

<P><STRONG><a name="[493]"></a>WM__ReleaseCapture</STRONG> (Thumb, 48 bytes, Stack size unknown bytes, WM_SetCapture.o(.text.WM__ReleaseCapture))
<BR><BR>[Stack]<UL><LI>Max Depth = 176 + Unknown Stack Size
<LI>Call Chain = WM__ReleaseCapture &rArr; WM__SendMessage &rArr; WM_DefaultProc &rArr; WM_SendToParent &rArr;  WM__SendMessage (Cycle)
</UL>
<BR>[Calls]<UL><LI><a href="#[311]">&gt;&gt;</a>&nbsp;&nbsp;&nbsp;WM__SendMessage
</UL>
<BR>[Called By]<UL><LI><a href="#[485]">&gt;&gt;</a>&nbsp;&nbsp;&nbsp;WM_ReleaseCapture
<LI><a href="#[447]">&gt;&gt;</a>&nbsp;&nbsp;&nbsp;WM_SetCapture
</UL>

<P><STRONG><a name="[18]"></a>_Create</STRONG> (Thumb, 56 bytes, Stack size unknown bytes, SCROLLBAR_Skin.o(.text._Create))
<BR><BR>[Calls]<UL><LI><a href="#[30c]">&gt;&gt;</a>&nbsp;&nbsp;&nbsp;GUI_ALLOC_UnlockH
<LI><a href="#[30b]">&gt;&gt;</a>&nbsp;&nbsp;&nbsp;GUI_ALLOC_LockH
</UL>
<BR>[Address Reference Count : 1]<UL><LI> SCROLLBAR_Skin.o(.data)
</UL>
<P><STRONG><a name="[a6]"></a>_CalcPositions</STRONG> (Thumb, 344 bytes, Stack size unknown bytes, SCROLLBAR_Skin.o(.text._CalcPositions))
<BR><BR>[Stack]<UL><LI>Max Depth = 176 + Unknown Stack Size
<LI>Call Chain = _CalcPositions &rArr; WM_GetWindowRectEx &rArr; GUI_Unlock &rArr; GUI_X_Unlock &rArr; xQueueGenericSend &rArr; prvUnlockQueue &rArr; prvNotifyQueueSetContainer &rArr; prvCopyDataToQueue &rArr; xTaskPriorityDisinherit &rArr; __2printf
</UL>
<BR>[Calls]<UL><LI><a href="#[478]">&gt;&gt;</a>&nbsp;&nbsp;&nbsp;GUI_MoveRect
<LI><a href="#[30c]">&gt;&gt;</a>&nbsp;&nbsp;&nbsp;GUI_ALLOC_UnlockH
<LI><a href="#[30b]">&gt;&gt;</a>&nbsp;&nbsp;&nbsp;GUI_ALLOC_LockH
<LI><a href="#[477]">&gt;&gt;</a>&nbsp;&nbsp;&nbsp;WM_GetWindowRectEx
<LI><a href="#[360]">&gt;&gt;</a>&nbsp;&nbsp;&nbsp;WM_GetScrollbarV
<LI><a href="#[361]">&gt;&gt;</a>&nbsp;&nbsp;&nbsp;WM_GetScrollbarH
<LI><a href="#[4b8]">&gt;&gt;</a>&nbsp;&nbsp;&nbsp;SCROLLBAR__Rect2VRect
<LI><a href="#[445]">&gt;&gt;</a>&nbsp;&nbsp;&nbsp;GUI__DivideRound32
</UL>
<BR>[Called By]<UL><LI><a href="#[17]">&gt;&gt;</a>&nbsp;&nbsp;&nbsp;_Paint
</UL>
<BR>[Address Reference Count : 1]<UL><LI> SCROLLBAR_Skin.o(.text._Create)
</UL>
<P><STRONG><a name="[17]"></a>_Paint</STRONG> (Thumb, 182 bytes, Stack size unknown bytes, SCROLLBAR_Skin.o(.text._Paint))
<BR><BR>[Stack]<UL><LI>Max Depth = 176 + Unknown Stack Size
<LI>Call Chain = _Paint &rArr; WIDGET__GetClientRect &rArr; WM_GetClientRect &rArr; GUI_Unlock &rArr; GUI_X_Unlock &rArr; xQueueGenericSend &rArr; prvUnlockQueue &rArr; prvNotifyQueueSetContainer &rArr; prvCopyDataToQueue &rArr; xTaskPriorityDisinherit &rArr; __2printf
</UL>
<BR>[Calls]<UL><LI><a href="#[30c]">&gt;&gt;</a>&nbsp;&nbsp;&nbsp;GUI_ALLOC_UnlockH
<LI><a href="#[30b]">&gt;&gt;</a>&nbsp;&nbsp;&nbsp;GUI_ALLOC_LockH
<LI><a href="#[45c]">&gt;&gt;</a>&nbsp;&nbsp;&nbsp;WIDGET__GetClientRect
<LI><a href="#[a6]">&gt;&gt;</a>&nbsp;&nbsp;&nbsp;_CalcPositions
</UL>
<BR>[Address Reference Count : 1]<UL><LI> SCROLLBAR_Skin.o(.data)
</UL>
<P><STRONG><a name="[452]"></a>_GetArrowPara</STRONG> (Thumb, 48 bytes, Stack size unknown bytes, SCROLLBAR_SkinFlex.o(.text._GetArrowPara))
<BR><BR>[Called By]<UL><LI><a href="#[13]">&gt;&gt;</a>&nbsp;&nbsp;&nbsp;SCROLLBAR_DrawSkinFlex
</UL>

<P><STRONG><a name="[9c]"></a>_DrawGraspH</STRONG> (Thumb, 92 bytes, Stack size unknown bytes, SCROLLBAR_SkinFlex.o(.text._DrawGraspH))
<BR><BR>[Stack]<UL><LI>Max Depth = 176 + Unknown Stack Size
<LI>Call Chain = _DrawGraspH &rArr; GUI_SetColor &rArr; GUI_Unlock &rArr; GUI_X_Unlock &rArr; xQueueGenericSend &rArr; prvUnlockQueue &rArr; prvNotifyQueueSetContainer &rArr; prvCopyDataToQueue &rArr; xTaskPriorityDisinherit &rArr; __2printf
</UL>
<BR>[Calls]<UL><LI><a href="#[1a6]">&gt;&gt;</a>&nbsp;&nbsp;&nbsp;GUI_SetColor
<LI><a href="#[327]">&gt;&gt;</a>&nbsp;&nbsp;&nbsp;GUI_DrawVLine
</UL>
<BR>[Address Reference Count : 1]<UL><LI> SCROLLBAR_SkinFlex.o(.text.SCROLLBAR_DrawSkinFlex)
</UL>
<P><STRONG><a name="[9a]"></a>_DrawGraspV</STRONG> (Thumb, 92 bytes, Stack size unknown bytes, SCROLLBAR_SkinFlex.o(.text._DrawGraspV))
<BR><BR>[Stack]<UL><LI>Max Depth = 176 + Unknown Stack Size
<LI>Call Chain = _DrawGraspV &rArr; GUI_SetColor &rArr; GUI_Unlock &rArr; GUI_X_Unlock &rArr; xQueueGenericSend &rArr; prvUnlockQueue &rArr; prvNotifyQueueSetContainer &rArr; prvCopyDataToQueue &rArr; xTaskPriorityDisinherit &rArr; __2printf
</UL>
<BR>[Calls]<UL><LI><a href="#[1a6]">&gt;&gt;</a>&nbsp;&nbsp;&nbsp;GUI_SetColor
<LI><a href="#[324]">&gt;&gt;</a>&nbsp;&nbsp;&nbsp;GUI_DrawHLine
</UL>
<BR>[Address Reference Count : 1]<UL><LI> SCROLLBAR_SkinFlex.o(.text.SCROLLBAR_DrawSkinFlex)
</UL>
<P><STRONG><a name="[4bd]"></a>_DrawFrame</STRONG> (Thumb, 244 bytes, Stack size unknown bytes, SCROLLBAR_SkinFlex.o(.text._DrawFrame))
<BR><BR>[Stack]<UL><LI>Max Depth = 176 + Unknown Stack Size
<LI>Call Chain = _DrawFrame &rArr; GUI_SetColor &rArr; GUI_Unlock &rArr; GUI_X_Unlock &rArr; xQueueGenericSend &rArr; prvUnlockQueue &rArr; prvNotifyQueueSetContainer &rArr; prvCopyDataToQueue &rArr; xTaskPriorityDisinherit &rArr; __2printf
</UL>
<BR>[Calls]<UL><LI><a href="#[1a6]">&gt;&gt;</a>&nbsp;&nbsp;&nbsp;GUI_SetColor
<LI><a href="#[325]">&gt;&gt;</a>&nbsp;&nbsp;&nbsp;GUI_DrawPixel
<LI><a href="#[324]">&gt;&gt;</a>&nbsp;&nbsp;&nbsp;GUI_DrawHLine
<LI><a href="#[327]">&gt;&gt;</a>&nbsp;&nbsp;&nbsp;GUI_DrawVLine
</UL>
<BR>[Called By]<UL><LI><a href="#[9b]">&gt;&gt;</a>&nbsp;&nbsp;&nbsp;_DrawBackgroundV
<LI><a href="#[9d]">&gt;&gt;</a>&nbsp;&nbsp;&nbsp;_DrawBackgroundH
</UL>

<P><STRONG><a name="[9d]"></a>_DrawBackgroundH</STRONG> (Thumb, 92 bytes, Stack size unknown bytes, SCROLLBAR_SkinFlex.o(.text._DrawBackgroundH))
<BR><BR>[Stack]<UL><LI>Max Depth = 176 + Unknown Stack Size
<LI>Call Chain = _DrawBackgroundH &rArr; GUI_DrawGradientV &rArr; GUI_Unlock &rArr; GUI_X_Unlock &rArr; xQueueGenericSend &rArr; prvUnlockQueue &rArr; prvNotifyQueueSetContainer &rArr; prvCopyDataToQueue &rArr; xTaskPriorityDisinherit &rArr; __2printf
</UL>
<BR>[Calls]<UL><LI><a href="#[9f]">&gt;&gt;</a>&nbsp;&nbsp;&nbsp;GUI_DrawGradientV
<LI><a href="#[4bd]">&gt;&gt;</a>&nbsp;&nbsp;&nbsp;_DrawFrame
</UL>
<BR>[Address Reference Count : 1]<UL><LI> SCROLLBAR_SkinFlex.o(.text.SCROLLBAR_DrawSkinFlex)
</UL>
<P><STRONG><a name="[9b]"></a>_DrawBackgroundV</STRONG> (Thumb, 92 bytes, Stack size unknown bytes, SCROLLBAR_SkinFlex.o(.text._DrawBackgroundV))
<BR><BR>[Stack]<UL><LI>Max Depth = 176 + Unknown Stack Size
<LI>Call Chain = _DrawBackgroundV &rArr; _DrawFrame &rArr; GUI_SetColor &rArr; GUI_Unlock &rArr; GUI_X_Unlock &rArr; xQueueGenericSend &rArr; prvUnlockQueue &rArr; prvNotifyQueueSetContainer &rArr; prvCopyDataToQueue &rArr; xTaskPriorityDisinherit &rArr; __2printf
</UL>
<BR>[Calls]<UL><LI><a href="#[4bd]">&gt;&gt;</a>&nbsp;&nbsp;&nbsp;_DrawFrame
<LI><a href="#[9e]">&gt;&gt;</a>&nbsp;&nbsp;&nbsp;GUI_DrawGradientH
</UL>
<BR>[Address Reference Count : 1]<UL><LI> SCROLLBAR_SkinFlex.o(.text.SCROLLBAR_DrawSkinFlex)
</UL>
<P><STRONG><a name="[fb]"></a>_DrawDownRect</STRONG> (Thumb, 56 bytes, Stack size unknown bytes, WIDGET_Effect_Simple.o(.text._DrawDownRect))
<BR><BR>[Stack]<UL><LI>Max Depth = 176 + Unknown Stack Size
<LI>Call Chain = _DrawDownRect &rArr; GUI_DrawRect &rArr; GUI_Unlock &rArr; GUI_X_Unlock &rArr; xQueueGenericSend &rArr; prvUnlockQueue &rArr; prvNotifyQueueSetContainer &rArr; prvCopyDataToQueue &rArr; xTaskPriorityDisinherit &rArr; __2printf
</UL>
<BR>[Calls]<UL><LI><a href="#[405]">&gt;&gt;</a>&nbsp;&nbsp;&nbsp;LCD_SetColor
<LI><a href="#[3fc]">&gt;&gt;</a>&nbsp;&nbsp;&nbsp;GUI_RestoreContext
<LI><a href="#[403]">&gt;&gt;</a>&nbsp;&nbsp;&nbsp;GUI_SaveContext_W
<LI><a href="#[3ae]">&gt;&gt;</a>&nbsp;&nbsp;&nbsp;GUI_DrawRect
</UL>
<BR>[Called By]<UL><LI><a href="#[fa]">&gt;&gt;</a>&nbsp;&nbsp;&nbsp;_DrawDown
<LI><a href="#[f9]">&gt;&gt;</a>&nbsp;&nbsp;&nbsp;_DrawUpRect
</UL>
<BR>[Address Reference Count : 1]<UL><LI> WIDGET_Effect_Simple.o(.rodata)
</UL>
<P><STRONG><a name="[f9]"></a>_DrawUpRect</STRONG> (Thumb, 4 bytes, Stack size unknown bytes, WIDGET_Effect_Simple.o(.text._DrawUpRect))
<BR><BR>[Stack]<UL><LI>Max Depth = 176 + Unknown Stack Size
<LI>Call Chain = _DrawUpRect &rArr; _DrawDownRect &rArr; GUI_DrawRect &rArr; GUI_Unlock &rArr; GUI_X_Unlock &rArr; xQueueGenericSend &rArr; prvUnlockQueue &rArr; prvNotifyQueueSetContainer &rArr; prvCopyDataToQueue &rArr; xTaskPriorityDisinherit &rArr; __2printf
</UL>
<BR>[Calls]<UL><LI><a href="#[fb]">&gt;&gt;</a>&nbsp;&nbsp;&nbsp;_DrawDownRect
</UL>
<BR>[Address Reference Count : 1]<UL><LI> WIDGET_Effect_Simple.o(.rodata)
</UL>
<P><STRONG><a name="[fa]"></a>_DrawDown</STRONG> (Thumb, 20 bytes, Stack size unknown bytes, WIDGET_Effect_Simple.o(.text._DrawDown))
<BR><BR>[Stack]<UL><LI>Max Depth = 176 + Unknown Stack Size
<LI>Call Chain = _DrawDown &rArr; WM_GetClientRect &rArr; GUI_Unlock &rArr; GUI_X_Unlock &rArr; xQueueGenericSend &rArr; prvUnlockQueue &rArr; prvNotifyQueueSetContainer &rArr; prvCopyDataToQueue &rArr; xTaskPriorityDisinherit &rArr; __2printf
</UL>
<BR>[Calls]<UL><LI><a href="#[352]">&gt;&gt;</a>&nbsp;&nbsp;&nbsp;WM_GetClientRect
<LI><a href="#[fb]">&gt;&gt;</a>&nbsp;&nbsp;&nbsp;_DrawDownRect
</UL>
<BR>[Called By]<UL><LI><a href="#[f8]">&gt;&gt;</a>&nbsp;&nbsp;&nbsp;_DrawUp
</UL>
<BR>[Address Reference Count : 1]<UL><LI> WIDGET_Effect_Simple.o(.rodata)
</UL>
<P><STRONG><a name="[f8]"></a>_DrawUp</STRONG> (Thumb, 4 bytes, Stack size unknown bytes, WIDGET_Effect_Simple.o(.text._DrawUp))
<BR><BR>[Stack]<UL><LI>Max Depth = 176 + Unknown Stack Size
<LI>Call Chain = _DrawUp &rArr; _DrawDown &rArr; WM_GetClientRect &rArr; GUI_Unlock &rArr; GUI_X_Unlock &rArr; xQueueGenericSend &rArr; prvUnlockQueue &rArr; prvNotifyQueueSetContainer &rArr; prvCopyDataToQueue &rArr; xTaskPriorityDisinherit &rArr; __2printf
</UL>
<BR>[Calls]<UL><LI><a href="#[fa]">&gt;&gt;</a>&nbsp;&nbsp;&nbsp;_DrawDown
</UL>
<BR>[Address Reference Count : 1]<UL><LI> WIDGET_Effect_Simple.o(.rodata)
</UL>
<P><STRONG><a name="[3fe]"></a>_CreateBuffer</STRONG> (Thumb, 170 bytes, Stack size unknown bytes, GUI_SPRITE.o(.text._CreateBuffer))
<BR><BR>[Stack]<UL><LI>Max Depth = 176 + Unknown Stack Size
<LI>Call Chain = _CreateBuffer &rArr; GUI_ALLOC_AllocNoInit &rArr; GUI_Unlock &rArr; GUI_X_Unlock &rArr; xQueueGenericSend &rArr; prvUnlockQueue &rArr; prvNotifyQueueSetContainer &rArr; prvCopyDataToQueue &rArr; xTaskPriorityDisinherit &rArr; __2printf
</UL>
<BR>[Calls]<UL><LI><a href="#[3d1]">&gt;&gt;</a>&nbsp;&nbsp;&nbsp;GUI_DEVICE__GetpDriver
<LI><a href="#[375]">&gt;&gt;</a>&nbsp;&nbsp;&nbsp;GUI_ALLOC_AllocNoInit
<LI><a href="#[37c]">&gt;&gt;</a>&nbsp;&nbsp;&nbsp;GUI_ALLOC_GetMaxSize
<LI><a href="#[30b]">&gt;&gt;</a>&nbsp;&nbsp;&nbsp;GUI_ALLOC_LockH
</UL>
<BR>[Called By]<UL><LI><a href="#[387]">&gt;&gt;</a>&nbsp;&nbsp;&nbsp;GUI_SPRITE_SetPosition
</UL>

<P><STRONG><a name="[3ff]"></a>_GetBkIndex.isra.0</STRONG> (Thumb, 112 bytes, Stack size unknown bytes, GUI_SPRITE.o(.text._GetBkIndex.isra.0))
<BR><BR>[Calls]<UL><LI><a href="#[3b1]">&gt;&gt;</a>&nbsp;&nbsp;&nbsp;GUI_GetBitmapPixelIndex
</UL>
<BR>[Called By]<UL><LI><a href="#[387]">&gt;&gt;</a>&nbsp;&nbsp;&nbsp;GUI_SPRITE_SetPosition
</UL>

<P><STRONG><a name="[401]"></a>_GetBkIndexAlpha.isra.2</STRONG> (Thumb, 118 bytes, Stack size unknown bytes, GUI_SPRITE.o(.text._GetBkIndexAlpha.isra.2))
<BR><BR>[Calls]<UL><LI><a href="#[3b1]">&gt;&gt;</a>&nbsp;&nbsp;&nbsp;GUI_GetBitmapPixelIndex
</UL>
<BR>[Called By]<UL><LI><a href="#[387]">&gt;&gt;</a>&nbsp;&nbsp;&nbsp;GUI_SPRITE_SetPosition
</UL>

<P><STRONG><a name="[3fd]"></a>_GetDeviceRect</STRONG> (Thumb, 60 bytes, Stack size unknown bytes, GUI_SPRITE.o(.text._GetDeviceRect))
<BR><BR>[Calls]<UL><LI><a href="#[3d8]">&gt;&gt;</a>&nbsp;&nbsp;&nbsp;LCD_GetYSizeEx
<LI><a href="#[3d7]">&gt;&gt;</a>&nbsp;&nbsp;&nbsp;LCD_GetXSizeEx
</UL>
<BR>[Called By]<UL><LI><a href="#[387]">&gt;&gt;</a>&nbsp;&nbsp;&nbsp;GUI_SPRITE_SetPosition
</UL>

<P><STRONG><a name="[4c2]"></a>_FlushBuffer.isra.5</STRONG> (Thumb, 122 bytes, Stack size unknown bytes, GUI_SPRITE.o(.text._FlushBuffer.isra.5))
<BR><BR>[Calls]<UL><LI><a href="#[4ba]">&gt;&gt;</a>&nbsp;&nbsp;&nbsp;GUI__CompactPixelIndices
</UL>
<BR>[Called By]<UL><LI><a href="#[402]">&gt;&gt;</a>&nbsp;&nbsp;&nbsp;_ReleaseBuffer.isra.6
<LI><a href="#[400]">&gt;&gt;</a>&nbsp;&nbsp;&nbsp;_SetBkIndexBuffered
</UL>

<P><STRONG><a name="[400]"></a>_SetBkIndexBuffered</STRONG> (Thumb, 68 bytes, Stack size unknown bytes, GUI_SPRITE.o(.text._SetBkIndexBuffered))
<BR><BR>[Calls]<UL><LI><a href="#[4c2]">&gt;&gt;</a>&nbsp;&nbsp;&nbsp;_FlushBuffer.isra.5
</UL>
<BR>[Called By]<UL><LI><a href="#[387]">&gt;&gt;</a>&nbsp;&nbsp;&nbsp;GUI_SPRITE_SetPosition
</UL>

<P><STRONG><a name="[402]"></a>_ReleaseBuffer.isra.6</STRONG> (Thumb, 30 bytes, Stack size unknown bytes, GUI_SPRITE.o(.text._ReleaseBuffer.isra.6))
<BR><BR>[Stack]<UL><LI>Max Depth = 176 + Unknown Stack Size
<LI>Call Chain = _ReleaseBuffer.isra.6 &rArr; GUI_ALLOC_Free &rArr; GUI_Unlock &rArr; GUI_X_Unlock &rArr; xQueueGenericSend &rArr; prvUnlockQueue &rArr; prvNotifyQueueSetContainer &rArr; prvCopyDataToQueue &rArr; xTaskPriorityDisinherit &rArr; __2printf
</UL>
<BR>[Calls]<UL><LI><a href="#[35e]">&gt;&gt;</a>&nbsp;&nbsp;&nbsp;GUI_ALLOC_Free
<LI><a href="#[30c]">&gt;&gt;</a>&nbsp;&nbsp;&nbsp;GUI_ALLOC_UnlockH
<LI><a href="#[4c2]">&gt;&gt;</a>&nbsp;&nbsp;&nbsp;_FlushBuffer.isra.5
</UL>
<BR>[Called By]<UL><LI><a href="#[387]">&gt;&gt;</a>&nbsp;&nbsp;&nbsp;GUI_SPRITE_SetPosition
</UL>

<P><STRONG><a name="[3fb]"></a>LCD_ReadRectEx</STRONG> (Thumb, 420 bytes, Stack size unknown bytes, LCD_ReadRect.o(.text.LCD_ReadRectEx))
<BR><BR>[Calls]<UL><LI><a href="#[3ed]">&gt;&gt;</a>&nbsp;&nbsp;&nbsp;GUI_GetBitsPerPixelEx
</UL>
<BR>[Called By]<UL><LI><a href="#[3fa]">&gt;&gt;</a>&nbsp;&nbsp;&nbsp;GUI_ReadRectEx
</UL>

<P><STRONG><a name="[3eb]"></a>_ClipX</STRONG> (Thumb, 68 bytes, Stack size unknown bytes, GUIDEV_WriteToActiveAlpha.o(.text._ClipX))
<BR><BR>[Called By]<UL><LI><a href="#[3ea]">&gt;&gt;</a>&nbsp;&nbsp;&nbsp;_WriteToActiveAlpha
<LI><a href="#[a8]">&gt;&gt;</a>&nbsp;&nbsp;&nbsp;GUI_MEMDEV__WriteToActiveAlpha
</UL>

<P><STRONG><a name="[3ec]"></a>_ClipY</STRONG> (Thumb, 68 bytes, Stack size unknown bytes, GUIDEV_WriteToActiveAlpha.o(.text._ClipY))
<BR><BR>[Called By]<UL><LI><a href="#[3ea]">&gt;&gt;</a>&nbsp;&nbsp;&nbsp;_WriteToActiveAlpha
<LI><a href="#[a8]">&gt;&gt;</a>&nbsp;&nbsp;&nbsp;GUI_MEMDEV__WriteToActiveAlpha
</UL>

<P><STRONG><a name="[3ea]"></a>_WriteToActiveAlpha</STRONG> (Thumb, 328 bytes, Stack size unknown bytes, GUIDEV_WriteToActiveAlpha.o(.text._WriteToActiveAlpha))
<BR><BR>[Stack]<UL><LI>Max Depth = 176 + Unknown Stack Size
<LI>Call Chain = _WriteToActiveAlpha &rArr; GUI_MEMDEV_GetDataPtr &rArr; GUI_Unlock &rArr; GUI_X_Unlock &rArr; xQueueGenericSend &rArr; prvUnlockQueue &rArr; prvNotifyQueueSetContainer &rArr; prvCopyDataToQueue &rArr; xTaskPriorityDisinherit &rArr; __2printf
</UL>
<BR>[Calls]<UL><LI><a href="#[30c]">&gt;&gt;</a>&nbsp;&nbsp;&nbsp;GUI_ALLOC_UnlockH
<LI><a href="#[30b]">&gt;&gt;</a>&nbsp;&nbsp;&nbsp;GUI_ALLOC_LockH
<LI><a href="#[36b]">&gt;&gt;</a>&nbsp;&nbsp;&nbsp;LCD_DrawBitmap
<LI><a href="#[3e1]">&gt;&gt;</a>&nbsp;&nbsp;&nbsp;GUI_MEMDEV_GetDataPtr
<LI><a href="#[3ec]">&gt;&gt;</a>&nbsp;&nbsp;&nbsp;_ClipY
<LI><a href="#[3eb]">&gt;&gt;</a>&nbsp;&nbsp;&nbsp;_ClipX
<LI><a href="#[41d]">&gt;&gt;</a>&nbsp;&nbsp;&nbsp;GUI__CompactPixelIndicesEx
<LI><a href="#[419]">&gt;&gt;</a>&nbsp;&nbsp;&nbsp;GUI__AllocAlphaBuffer
<LI><a href="#[421]">&gt;&gt;</a>&nbsp;&nbsp;&nbsp;GUI__DoAlphaBlending
</UL>
<BR>[Called By]<UL><LI><a href="#[a8]">&gt;&gt;</a>&nbsp;&nbsp;&nbsp;GUI_MEMDEV__WriteToActiveAlpha
</UL>

<P><STRONG><a name="[4d9]"></a>_fp_digits</STRONG> (Thumb, 366 bytes, Stack size 64 bytes, printfa.o(i._fp_digits), UNUSED)
<BR><BR>[Calls]<UL><LI><a href="#[17b]">&gt;&gt;</a>&nbsp;&nbsp;&nbsp;__aeabi_cdrcmple
<LI><a href="#[102]">&gt;&gt;</a>&nbsp;&nbsp;&nbsp;__aeabi_dmul
<LI><a href="#[1ce]">&gt;&gt;</a>&nbsp;&nbsp;&nbsp;__aeabi_dadd
<LI><a href="#[306]">&gt;&gt;</a>&nbsp;&nbsp;&nbsp;__aeabi_ddiv
<LI><a href="#[303]">&gt;&gt;</a>&nbsp;&nbsp;&nbsp;__aeabi_uldivmod
<LI><a href="#[308]">&gt;&gt;</a>&nbsp;&nbsp;&nbsp;__aeabi_d2ulz
</UL>
<BR>[Called By]<UL><LI><a href="#[4ca]">&gt;&gt;</a>&nbsp;&nbsp;&nbsp;_printf_core
</UL>

<P><STRONG><a name="[4ca]"></a>_printf_core</STRONG> (Thumb, 1744 bytes, Stack size 136 bytes, printfa.o(i._printf_core), UNUSED)
<BR><BR>[Calls]<UL><LI><a href="#[303]">&gt;&gt;</a>&nbsp;&nbsp;&nbsp;__aeabi_uldivmod
<LI><a href="#[4dc]">&gt;&gt;</a>&nbsp;&nbsp;&nbsp;__aeabi_uidivmod
<LI><a href="#[4da]">&gt;&gt;</a>&nbsp;&nbsp;&nbsp;_printf_pre_padding
<LI><a href="#[4db]">&gt;&gt;</a>&nbsp;&nbsp;&nbsp;_printf_post_padding
<LI><a href="#[4d9]">&gt;&gt;</a>&nbsp;&nbsp;&nbsp;_fp_digits
</UL>
<BR>[Called By]<UL><LI><a href="#[4cc]">&gt;&gt;</a>&nbsp;&nbsp;&nbsp;__0vsnprintf
<LI><a href="#[4cb]">&gt;&gt;</a>&nbsp;&nbsp;&nbsp;__0sprintf
<LI><a href="#[4c9]">&gt;&gt;</a>&nbsp;&nbsp;&nbsp;__0printf
</UL>

<P><STRONG><a name="[4db]"></a>_printf_post_padding</STRONG> (Thumb, 36 bytes, Stack size 24 bytes, printfa.o(i._printf_post_padding), UNUSED)
<BR><BR>[Called By]<UL><LI><a href="#[4ca]">&gt;&gt;</a>&nbsp;&nbsp;&nbsp;_printf_core
</UL>

<P><STRONG><a name="[4da]"></a>_printf_pre_padding</STRONG> (Thumb, 46 bytes, Stack size 24 bytes, printfa.o(i._printf_pre_padding), UNUSED)
<BR><BR>[Called By]<UL><LI><a href="#[4ca]">&gt;&gt;</a>&nbsp;&nbsp;&nbsp;_printf_core
</UL>

<P><STRONG><a name="[ad]"></a>_snputc</STRONG> (Thumb, 22 bytes, Stack size 0 bytes, printfa.o(i._snputc))
<BR>[Address Reference Count : 1]<UL><LI> printfa.o(i.__0vsnprintf)
</UL>
<P><STRONG><a name="[ac]"></a>_sputc</STRONG> (Thumb, 10 bytes, Stack size 0 bytes, printfa.o(i._sputc))
<BR><BR>[Called By]<UL><LI><a href="#[4cb]">&gt;&gt;</a>&nbsp;&nbsp;&nbsp;__0sprintf
</UL>
<BR>[Address Reference Count : 1]<UL><LI> printfa.o(i.__0sprintf)
</UL><P>
<H3>
Undefined Global Symbols
</H3><HR></body></html>
